This is XeTeX, Version 3.141592653-2.6-0.999998 (TeX Live 2026) (preloaded format=xelatex 2026.7.4)  16 SEP 2026 18:40
entering extended mode
 restricted \write18 enabled.
 %&-line parsing enabled.
**Manual-de-Referencia----Gromacs.tex
(./Manual-de-Referencia----Gromacs.tex
LaTeX2e <2025-11-01>
L3 programming layer <2026-03-20>
(/usr/share/texlive/texmf-dist/tex/latex/base/article.cls
Document Class: article 2025/01/22 v1.4n Standard LaTeX document class
(/usr/share/texlive/texmf-dist/tex/latex/base/size11.clo
File: size11.clo 2025/01/22 v1.4n Standard LaTeX file (size option)
)
\c@part=\count271
\c@section=\count272
\c@subsection=\count273
\c@subsubsection=\count274
\c@paragraph=\count275
\c@subparagraph=\count276
\c@figure=\count277
\c@table=\count278
\abovecaptionskip=\skip49
\belowcaptionskip=\skip50
\bibindent=\dimen150
) (/usr/share/texlive/texmf-dist/tex/latex/xcolor/xcolor.sty
Package: xcolor 2024/09/29 v3.02 LaTeX color extensions (UK)
(/usr/share/texlive/texmf-dist/tex/latex/graphics-cfg/color.cfg
File: color.cfg 2016/01/02 v1.6 sample color configuration
)
Package xcolor Info: Driver file: xetex.def on input line 274.
(/usr/share/texlive/texmf-dist/tex/latex/graphics-def/xetex.def
File: xetex.def 2025/11/01 v5.0p Graphics/color driver for xetex
) (/usr/share/texlive/texmf-dist/tex/latex/graphics/mathcolor.ltx)
Package xcolor Info: Model `cmy' substituted by `cmy0' on input line 1349.
Package xcolor Info: Model `RGB' extended on input line 1365.
Package xcolor Info: Model `HTML' substituted by `rgb' on input line 1367.
Package xcolor Info: Model `Hsb' substituted by `hsb' on input line 1368.
Package xcolor Info: Model `tHsb' substituted by `hsb' on input line 1369.
Package xcolor Info: Model `HSB' substituted by `hsb' on input line 1370.
Package xcolor Info: Model `Gray' substituted by `gray' on input line 1371.
Package xcolor Info: Model `wave' substituted by `hsb' on input line 1372.
) (/usr/share/texlive/texmf-dist/tex/latex/geometry/geometry.sty
Package: geometry 2026/03/07 v6.0 Page Geometry
(/usr/share/texlive/texmf-dist/tex/latex/graphics/keyval.sty
Package: keyval 2022/05/29 v1.15 key=value parser (DPC)
\KV@toks@=\toks17
) (/usr/share/texlive/texmf-dist/tex/generic/iftex/ifvtex.sty
Package: ifvtex 2019/10/25 v1.7 ifvtex legacy package. Use iftex instead.
(/usr/share/texlive/texmf-dist/tex/generic/iftex/iftex.sty
Package: iftex 2024/12/12 v1.0g TeX engine tests
))
\Gm@cnth=\count279
\Gm@cntv=\count280
\c@Gm@tempcnt=\count281
\Gm@bindingoffset=\dimen151
\Gm@wd@mp=\dimen152
\Gm@odd@mp=\dimen153
\Gm@even@mp=\dimen154
\Gm@layoutwidth=\dimen155
\Gm@layoutheight=\dimen156
\Gm@layouthoffset=\dimen157
\Gm@layoutvoffset=\dimen158
\Gm@dimlist=\toks18
) (/usr/share/texlive/texmf-dist/tex/latex/amsmath/amsmath.sty
Package: amsmath 2025/07/09 v2.17z AMS math features
\@mathmargin=\skip51
For additional information on amsmath, use the `?' option.
(/usr/share/texlive/texmf-dist/tex/latex/amsmath/amstext.sty
Package: amstext 2024/11/17 v2.01 AMS text
(/usr/share/texlive/texmf-dist/tex/latex/amsmath/amsgen.sty
File: amsgen.sty 1999/11/30 v2.0 generic functions
\@emptytoks=\toks19
\ex@=\dimen159
)) (/usr/share/texlive/texmf-dist/tex/latex/amsmath/amsbsy.sty
Package: amsbsy 1999/11/29 v1.2d Bold Symbols
\pmbraise@=\dimen160
) (/usr/share/texlive/texmf-dist/tex/latex/amsmath/amsopn.sty
Package: amsopn 2022/04/08 v2.04 operator names
)
\inf@bad=\count282
LaTeX Info: Redefining \frac on input line 233.
\uproot@=\count283
\leftroot@=\count284
LaTeX Info: Redefining \overline on input line 398.
LaTeX Info: Redefining \colon on input line 409.
\classnum@=\count285
\DOTSCASE@=\count286
LaTeX Info: Redefining \ldots on input line 495.
LaTeX Info: Redefining \dots on input line 498.
LaTeX Info: Redefining \cdots on input line 619.
\Mathstrutbox@=\box53
\strutbox@=\box54
LaTeX Info: Redefining \big on input line 721.
LaTeX Info: Redefining \Big on input line 722.
LaTeX Info: Redefining \bigg on input line 723.
LaTeX Info: Redefining \Bigg on input line 724.
\big@size=\dimen161
LaTeX Font Info:    Redeclaring font encoding OML on input line 742.
LaTeX Font Info:    Redeclaring font encoding OMS on input line 743.
\macc@depth=\count287
LaTeX Info: Redefining \bmod on input line 904.
LaTeX Info: Redefining \pmod on input line 909.
LaTeX Info: Redefining \smash on input line 939.
LaTeX Info: Redefining \relbar on input line 969.
LaTeX Info: Redefining \Relbar on input line 970.
\c@MaxMatrixCols=\count288
\dotsspace@=\muskip17
\c@parentequation=\count289
\dspbrk@lvl=\count290
\tag@help=\toks20
\row@=\count291
\column@=\count292
\maxfields@=\count293
\andhelp@=\toks21
\eqnshift@=\dimen162
\alignsep@=\dimen163
\tagshift@=\dimen164
\tagwidth@=\dimen165
\totwidth@=\dimen166
\lineht@=\dimen167
\@envbody=\toks22
\multlinegap=\skip52
\multlinetaggap=\skip53
\mathdisplay@stack=\toks23
LaTeX Info: Redefining \[ on input line 2950.
LaTeX Info: Redefining \] on input line 2951.
) (/usr/share/texlive/texmf-dist/tex/latex/amsfonts/amssymb.sty
Package: amssymb 2013/01/14 v3.01 AMS font symbols
(/usr/share/texlive/texmf-dist/tex/latex/amsfonts/amsfonts.sty
Package: amsfonts 2013/01/14 v3.01 Basic AMSFonts support
\symAMSa=\mathgroup4
\symAMSb=\mathgroup5
LaTeX Font Info:    Redeclaring math symbol \hbar on input line 98.
LaTeX Font Info:    Overwriting math alphabet `\mathfrak' in version `bold'
(Font)                  U/euf/m/n --> U/euf/b/n on input line 106.
)) (/usr/share/texlive/texmf-dist/tex/latex/unicode-math/unicode-math.sty (/usr
/share/texlive/texmf-dist/tex/latex/l3kernel/expl3.sty
Package: expl3 2026-03-20 L3 programming layer (loader) 
(/usr/share/texlive/texmf-dist/tex/latex/l3backend/l3backend-xetex.def
File: l3backend-xetex.def 2026-02-18 L3 backend support: XeTeX
\g__graphics_track_int=\count294
\g__pdfannot_backend_int=\count295
\g__pdfannot_backend_link_int=\count296
))
Package: unicode-math 2023/08/13 v0.8r Unicode maths in XeLaTeX and LuaLaTeX
(/usr/share/texlive/texmf-dist/tex/latex/unicode-math/unicode-math-xetex.sty
Package: unicode-math-xetex 2023/08/13 v0.8r Unicode maths in XeLaTeX and LuaLa
TeX
(/usr/share/texlive/texmf-dist/tex/latex/l3packages/xparse/xparse.sty
Package: xparse 2025-10-09 L3 Experimental document command parser
) (/usr/share/texlive/texmf-dist/tex/latex/l3packages/l3keys2e/l3keys2e.sty
Package: l3keys2e 2025-10-09 LaTeX2e option processing using LaTeX3 keys
) (/usr/share/texlive/texmf-dist/tex/latex/fontspec/fontspec.sty
Package: fontspec 2025/09/29 v2.9g Font selection for XeLaTeX and LuaLaTeX
(/usr/share/texlive/texmf-dist/tex/latex/fontspec/fontspec-xetex.sty
Package: fontspec-xetex 2025/09/29 v2.9g Font selection for XeLaTeX and LuaLaTe
X
\l__fontspec_script_int=\count297
\l__fontspec_language_int=\count298
\l__fontspec_strnum_int=\count299
\l__fontspec_tmp_int=\count300
\l__fontspec_tmpa_int=\count301
\l__fontspec_tmpb_int=\count302
\l__fontspec_tmpc_int=\count303
\l__fontspec_em_int=\count304
\l__fontspec_emdef_int=\count305
\l__fontspec_strong_int=\count306
\l__fontspec_strongdef_int=\count307
\l__fontspec_tmpa_dim=\dimen168
\l__fontspec_tmpb_dim=\dimen169
\l__fontspec_tmpc_dim=\dimen170
(/usr/share/texlive/texmf-dist/tex/latex/base/fontenc.sty
Package: fontenc 2025/07/18 v2.1d Standard LaTeX package
) (/usr/share/texlive/texmf-dist/tex/latex/fontspec/fontspec.cfg))) (/usr/share
/texlive/texmf-dist/tex/latex/base/fix-cm.sty
Package: fix-cm 2020/11/24 v1.1t fixes to LaTeX
(/usr/share/texlive/texmf-dist/tex/latex/base/ts1enc.def
File: ts1enc.def 2001/06/05 v3.0e (jk/car/fm) Standard LaTeX file
LaTeX Font Info:    Redeclaring font encoding TS1 on input line 47.
LaTeX Encoding Info:    Redeclaring text command \capitalcedilla (encoding TS1)
 on input line 49.
LaTeX Encoding Info:    Redeclaring text command \capitalogonek (encoding TS1) 
on input line 52.
LaTeX Encoding Info:    Redeclaring text command \capitalgrave (encoding TS1) o
n input line 55.
LaTeX Encoding Info:    Redeclaring text command \capitalacute (encoding TS1) o
n input line 56.
LaTeX Encoding Info:    Redeclaring text command \capitalcircumflex (encoding T
S1) on input line 57.
LaTeX Encoding Info:    Redeclaring text command \capitaltilde (encoding TS1) o
n input line 58.
LaTeX Encoding Info:    Redeclaring text command \capitaldieresis (encoding TS1
) on input line 59.
LaTeX Encoding Info:    Redeclaring text command \capitalhungarumlaut (encoding
 TS1) on input line 60.
LaTeX Encoding Info:    Redeclaring text command \capitalring (encoding TS1) on
 input line 61.
LaTeX Encoding Info:    Redeclaring text command \capitalcaron (encoding TS1) o
n input line 62.
LaTeX Encoding Info:    Redeclaring text command \capitalbreve (encoding TS1) o
n input line 63.
LaTeX Encoding Info:    Redeclaring text command \capitalmacron (encoding TS1) 
on input line 64.
LaTeX Encoding Info:    Redeclaring text command \capitaldotaccent (encoding TS
1) on input line 65.
LaTeX Encoding Info:    Redeclaring text command \t (encoding TS1) on input lin
e 66.
LaTeX Encoding Info:    Redeclaring text command \capitaltie (encoding TS1) on 
input line 67.
LaTeX Encoding Info:    Redeclaring text command \newtie (encoding TS1) on inpu
t line 68.
LaTeX Encoding Info:    Redeclaring text command \capitalnewtie (encoding TS1) 
on input line 69.
LaTeX Encoding Info:    Redeclaring text symbol \textcapitalcompwordmark (encod
ing TS1) on input line 70.
LaTeX Encoding Info:    Redeclaring text symbol \textascendercompwordmark (enco
ding TS1) on input line 71.
LaTeX Encoding Info:    Redeclaring text symbol \textquotestraightbase (encodin
g TS1) on input line 72.
LaTeX Encoding Info:    Redeclaring text symbol \textquotestraightdblbase (enco
ding TS1) on input line 73.
LaTeX Encoding Info:    Redeclaring text symbol \texttwelveudash (encoding TS1)
 on input line 74.
LaTeX Encoding Info:    Redeclaring text symbol \textthreequartersemdash (encod
ing TS1) on input line 75.
LaTeX Encoding Info:    Redeclaring text symbol \textleftarrow (encoding TS1) o
n input line 76.
LaTeX Encoding Info:    Redeclaring text symbol \textrightarrow (encoding TS1) 
on input line 77.
LaTeX Encoding Info:    Redeclaring text symbol \textblank (encoding TS1) on in
put line 78.
LaTeX Encoding Info:    Redeclaring text symbol \textdollar (encoding TS1) on i
nput line 79.
LaTeX Encoding Info:    Redeclaring text symbol \textquotesingle (encoding TS1)
 on input line 80.
LaTeX Encoding Info:    Redeclaring text command \textasteriskcentered (encodin
g TS1) on input line 81.
LaTeX Encoding Info:    Redeclaring text symbol \textdblhyphen (encoding TS1) o
n input line 92.
LaTeX Encoding Info:    Redeclaring text symbol \textfractionsolidus (encoding 
TS1) on input line 93.
LaTeX Encoding Info:    Redeclaring text symbol \textzerooldstyle (encoding TS1
) on input line 94.
LaTeX Encoding Info:    Redeclaring text symbol \textoneoldstyle (encoding TS1)
 on input line 95.
LaTeX Encoding Info:    Redeclaring text symbol \texttwooldstyle (encoding TS1)
 on input line 96.
LaTeX Encoding Info:    Redeclaring text symbol \textthreeoldstyle (encoding TS
1) on input line 97.
LaTeX Encoding Info:    Redeclaring text symbol \textfouroldstyle (encoding TS1
) on input line 98.
LaTeX Encoding Info:    Redeclaring text symbol \textfiveoldstyle (encoding TS1
) on input line 99.
LaTeX Encoding Info:    Redeclaring text symbol \textsixoldstyle (encoding TS1)
 on input line 100.
LaTeX Encoding Info:    Redeclaring text symbol \textsevenoldstyle (encoding TS
1) on input line 101.
LaTeX Encoding Info:    Redeclaring text symbol \texteightoldstyle (encoding TS
1) on input line 102.
LaTeX Encoding Info:    Redeclaring text symbol \textnineoldstyle (encoding TS1
) on input line 103.
LaTeX Encoding Info:    Redeclaring text symbol \textlangle (encoding TS1) on i
nput line 104.
LaTeX Encoding Info:    Redeclaring text symbol \textminus (encoding TS1) on in
put line 105.
LaTeX Encoding Info:    Redeclaring text symbol \textrangle (encoding TS1) on i
nput line 106.
LaTeX Encoding Info:    Redeclaring text symbol \textmho (encoding TS1) on inpu
t line 107.
LaTeX Encoding Info:    Redeclaring text symbol \textbigcircle (encoding TS1) o
n input line 108.
LaTeX Encoding Info:    Redeclaring text command \textcircled (encoding TS1) on
 input line 109.
LaTeX Encoding Info:    Redeclaring text symbol \textohm (encoding TS1) on inpu
t line 115.
LaTeX Encoding Info:    Redeclaring text symbol \textlbrackdbl (encoding TS1) o
n input line 116.
LaTeX Encoding Info:    Redeclaring text symbol \textrbrackdbl (encoding TS1) o
n input line 117.
LaTeX Encoding Info:    Redeclaring text symbol \textuparrow (encoding TS1) on 
input line 118.
LaTeX Encoding Info:    Redeclaring text symbol \textdownarrow (encoding TS1) o
n input line 119.
LaTeX Encoding Info:    Redeclaring text symbol \textasciigrave (encoding TS1) 
on input line 120.
LaTeX Encoding Info:    Redeclaring text symbol \textborn (encoding TS1) on inp
ut line 121.
LaTeX Encoding Info:    Redeclaring text symbol \textdivorced (encoding TS1) on
 input line 122.
LaTeX Encoding Info:    Redeclaring text symbol \textdied (encoding TS1) on inp
ut line 123.
LaTeX Encoding Info:    Redeclaring text symbol \textleaf (encoding TS1) on inp
ut line 124.
LaTeX Encoding Info:    Redeclaring text symbol \textmarried (encoding TS1) on 
input line 125.
LaTeX Encoding Info:    Redeclaring text symbol \textmusicalnote (encoding TS1)
 on input line 126.
LaTeX Encoding Info:    Redeclaring text symbol \texttildelow (encoding TS1) on
 input line 127.
LaTeX Encoding Info:    Redeclaring text symbol \textdblhyphenchar (encoding TS
1) on input line 128.
LaTeX Encoding Info:    Redeclaring text symbol \textasciibreve (encoding TS1) 
on input line 129.
LaTeX Encoding Info:    Redeclaring text symbol \textasciicaron (encoding TS1) 
on input line 130.
LaTeX Encoding Info:    Redeclaring text symbol \textacutedbl (encoding TS1) on
 input line 131.
LaTeX Encoding Info:    Redeclaring text symbol \textgravedbl (encoding TS1) on
 input line 132.
LaTeX Encoding Info:    Redeclaring text symbol \textdagger (encoding TS1) on i
nput line 133.
LaTeX Encoding Info:    Redeclaring text symbol \textdaggerdbl (encoding TS1) o
n input line 134.
LaTeX Encoding Info:    Redeclaring text symbol \textbardbl (encoding TS1) on i
nput line 135.
LaTeX Encoding Info:    Redeclaring text symbol \textperthousand (encoding TS1)
 on input line 136.
LaTeX Encoding Info:    Redeclaring text symbol \textbullet (encoding TS1) on i
nput line 137.
LaTeX Encoding Info:    Redeclaring text symbol \textcelsius (encoding TS1) on 
input line 138.
LaTeX Encoding Info:    Redeclaring text symbol \textdollaroldstyle (encoding T
S1) on input line 139.
LaTeX Encoding Info:    Redeclaring text symbol \textcentoldstyle (encoding TS1
) on input line 140.
LaTeX Encoding Info:    Redeclaring text symbol \textflorin (encoding TS1) on i
nput line 141.
LaTeX Encoding Info:    Redeclaring text symbol \textcolonmonetary (encoding TS
1) on input line 142.
LaTeX Encoding Info:    Redeclaring text symbol \textwon (encoding TS1) on inpu
t line 143.
LaTeX Encoding Info:    Redeclaring text symbol \textnaira (encoding TS1) on in
put line 144.
LaTeX Encoding Info:    Redeclaring text symbol \textguarani (encoding TS1) on 
input line 145.
LaTeX Encoding Info:    Redeclaring text symbol \textpeso (encoding TS1) on inp
ut line 146.
LaTeX Encoding Info:    Redeclaring text symbol \textlira (encoding TS1) on inp
ut line 147.
LaTeX Encoding Info:    Redeclaring text symbol \textrecipe (encoding TS1) on i
nput line 148.
LaTeX Encoding Info:    Redeclaring text symbol \textinterrobang (encoding TS1)
 on input line 149.
LaTeX Encoding Info:    Redeclaring text symbol \textinterrobangdown (encoding 
TS1) on input line 150.
LaTeX Encoding Info:    Redeclaring text symbol \textdong (encoding TS1) on inp
ut line 151.
LaTeX Encoding Info:    Redeclaring text symbol \texttrademark (encoding TS1) o
n input line 152.
LaTeX Encoding Info:    Redeclaring text symbol \textpertenthousand (encoding T
S1) on input line 153.
LaTeX Encoding Info:    Redeclaring text symbol \textpilcrow (encoding TS1) on 
input line 154.
LaTeX Encoding Info:    Redeclaring text symbol \textbaht (encoding TS1) on inp
ut line 155.
LaTeX Encoding Info:    Redeclaring text symbol \textnumero (encoding TS1) on i
nput line 156.
LaTeX Encoding Info:    Redeclaring text symbol \textdiscount (encoding TS1) on
 input line 157.
LaTeX Encoding Info:    Redeclaring text symbol \textestimated (encoding TS1) o
n input line 158.
LaTeX Encoding Info:    Redeclaring text symbol \textopenbullet (encoding TS1) 
on input line 159.
LaTeX Encoding Info:    Redeclaring text symbol \textservicemark (encoding TS1)
 on input line 160.
LaTeX Encoding Info:    Redeclaring text symbol \textlquill (encoding TS1) on i
nput line 161.
LaTeX Encoding Info:    Redeclaring text symbol \textrquill (encoding TS1) on i
nput line 162.
LaTeX Encoding Info:    Redeclaring text symbol \textcent (encoding TS1) on inp
ut line 163.
LaTeX Encoding Info:    Redeclaring text symbol \textsterling (encoding TS1) on
 input line 164.
LaTeX Encoding Info:    Redeclaring text symbol \textcurrency (encoding TS1) on
 input line 165.
LaTeX Encoding Info:    Redeclaring text symbol \textyen (encoding TS1) on inpu
t line 166.
LaTeX Encoding Info:    Redeclaring text symbol \textbrokenbar (encoding TS1) o
n input line 167.
LaTeX Encoding Info:    Redeclaring text symbol \textsection (encoding TS1) on 
input line 168.
LaTeX Encoding Info:    Redeclaring text symbol \textasciidieresis (encoding TS
1) on input line 169.
LaTeX Encoding Info:    Redeclaring text symbol \textcopyright (encoding TS1) o
n input line 170.
LaTeX Encoding Info:    Redeclaring text symbol \textordfeminine (encoding TS1)
 on input line 171.
LaTeX Encoding Info:    Redeclaring text symbol \textcopyleft (encoding TS1) on
 input line 172.
LaTeX Encoding Info:    Redeclaring text symbol \textlnot (encoding TS1) on inp
ut line 173.
LaTeX Encoding Info:    Redeclaring text symbol \textcircledP (encoding TS1) on
 input line 174.
LaTeX Encoding Info:    Redeclaring text symbol \textregistered (encoding TS1) 
on input line 175.
LaTeX Encoding Info:    Redeclaring text symbol \textasciimacron (encoding TS1)
 on input line 176.
LaTeX Encoding Info:    Redeclaring text symbol \textdegree (encoding TS1) on i
nput line 177.
LaTeX Encoding Info:    Redeclaring text symbol \textpm (encoding TS1) on input
 line 178.
LaTeX Encoding Info:    Redeclaring text symbol \texttwosuperior (encoding TS1)
 on input line 179.
LaTeX Encoding Info:    Redeclaring text symbol \textthreesuperior (encoding TS
1) on input line 180.
LaTeX Encoding Info:    Redeclaring text symbol \textasciiacute (encoding TS1) 
on input line 181.
LaTeX Encoding Info:    Redeclaring text symbol \textmu (encoding TS1) on input
 line 182.
LaTeX Encoding Info:    Redeclaring text symbol \textparagraph (encoding TS1) o
n input line 183.
LaTeX Encoding Info:    Redeclaring text symbol \textperiodcentered (encoding T
S1) on input line 184.
LaTeX Encoding Info:    Redeclaring text symbol \textreferencemark (encoding TS
1) on input line 185.
LaTeX Encoding Info:    Redeclaring text symbol \textonesuperior (encoding TS1)
 on input line 186.
LaTeX Encoding Info:    Redeclaring text symbol \textordmasculine (encoding TS1
) on input line 187.
LaTeX Encoding Info:    Redeclaring text symbol \textsurd (encoding TS1) on inp
ut line 188.
LaTeX Encoding Info:    Redeclaring text symbol \textonequarter (encoding TS1) 
on input line 189.
LaTeX Encoding Info:    Redeclaring text symbol \textonehalf (encoding TS1) on 
input line 190.
LaTeX Encoding Info:    Redeclaring text symbol \textthreequarters (encoding TS
1) on input line 191.
LaTeX Encoding Info:    Redeclaring text symbol \texteuro (encoding TS1) on inp
ut line 192.
LaTeX Encoding Info:    Redeclaring text symbol \texttimes (encoding TS1) on in
put line 193.
LaTeX Encoding Info:    Redeclaring text symbol \textdiv (encoding TS1) on inpu
t line 194.
))
\g__um_fam_int=\count308
\g__um_fonts_used_int=\count309
\l__um_primecount_int=\count310
\g__um_primekern_muskip=\muskip18
(/usr/share/texlive/texmf-dist/tex/latex/unicode-math/unicode-math-table.tex)))
(/usr/share/texlive/texmf-dist/tex/latex/lm/lmodern.sty
Package: lmodern 2015/05/01 v1.6.1 Latin Modern Fonts
LaTeX Font Info:    Overwriting symbol font `operators' in version `normal'
(Font)                  OT1/cmr/m/n --> OT1/lmr/m/n on input line 22.
LaTeX Font Info:    Overwriting symbol font `letters' in version `normal'
(Font)                  OML/cmm/m/it --> OML/lmm/m/it on input line 23.
LaTeX Font Info:    Overwriting symbol font `symbols' in version `normal'
(Font)                  OMS/cmsy/m/n --> OMS/lmsy/m/n on input line 24.
LaTeX Font Info:    Overwriting symbol font `largesymbols' in version `normal'
(Font)                  OMX/cmex/m/n --> OMX/lmex/m/n on input line 25.
LaTeX Font Info:    Overwriting symbol font `operators' in version `bold'
(Font)                  OT1/cmr/bx/n --> OT1/lmr/bx/n on input line 26.
LaTeX Font Info:    Overwriting symbol font `letters' in version `bold'
(Font)                  OML/cmm/b/it --> OML/lmm/b/it on input line 27.
LaTeX Font Info:    Overwriting symbol font `symbols' in version `bold'
(Font)                  OMS/cmsy/b/n --> OMS/lmsy/b/n on input line 28.
LaTeX Font Info:    Overwriting symbol font `largesymbols' in version `bold'
(Font)                  OMX/cmex/m/n --> OMX/lmex/m/n on input line 29.
LaTeX Font Info:    Overwriting math alphabet `\mathbf' in version `normal'
(Font)                  OT1/cmr/bx/n --> OT1/lmr/bx/n on input line 31.
LaTeX Font Info:    Overwriting math alphabet `\mathsf' in version `normal'
(Font)                  OT1/cmss/m/n --> OT1/lmss/m/n on input line 32.
LaTeX Font Info:    Overwriting math alphabet `\mathit' in version `normal'
(Font)                  OT1/cmr/m/it --> OT1/lmr/m/it on input line 33.
LaTeX Font Info:    Overwriting math alphabet `\mathtt' in version `normal'
(Font)                  OT1/cmtt/m/n --> OT1/lmtt/m/n on input line 34.
LaTeX Font Info:    Overwriting math alphabet `\mathbf' in version `bold'
(Font)                  OT1/cmr/bx/n --> OT1/lmr/bx/n on input line 35.
LaTeX Font Info:    Overwriting math alphabet `\mathsf' in version `bold'
(Font)                  OT1/cmss/bx/n --> OT1/lmss/bx/n on input line 36.
LaTeX Font Info:    Overwriting math alphabet `\mathit' in version `bold'
(Font)                  OT1/cmr/bx/it --> OT1/lmr/bx/it on input line 37.
LaTeX Font Info:    Overwriting math alphabet `\mathtt' in version `bold'
(Font)                  OT1/cmtt/m/n --> OT1/lmtt/m/n on input line 38.
) (/usr/share/texlive/texmf-dist/tex/latex/upquote/upquote.sty
Package: upquote 2012/04/19 v1.3 upright-quote and grave-accent glyphs in verba
tim
(/usr/share/texlive/texmf-dist/tex/latex/base/textcomp.sty
Package: textcomp 2024/04/24 v2.1b Standard LaTeX package
)) (/usr/share/texlive/texmf-dist/tex/latex/microtype/microtype.sty
Package: microtype 2026/03/01 v3.2d Micro-typographical refinements (RS)
(/usr/share/texlive/texmf-dist/tex/latex/etoolbox/etoolbox.sty
Package: etoolbox 2025/10/02 v2.5m e-TeX tools for LaTeX (JAW)
\etb@tempcnta=\count311
)
\MT@toks=\toks24
\MT@tempbox=\box55
\MT@count=\count312
LaTeX Info: Redefining \noprotrusionifhmode on input line 1084.
LaTeX Info: Redefining \leftprotrusion on input line 1085.
\MT@prot@toks=\toks25
LaTeX Info: Redefining \rightprotrusion on input line 1104.
LaTeX Info: Redefining \textls on input line 1449.
\MT@outer@kern=\dimen171
LaTeX Info: Redefining \microtypecontext on input line 2053.
LaTeX Info: Redefining \textmicrotypecontext on input line 2070.
\MT@listname@count=\count313
(/usr/share/texlive/texmf-dist/tex/latex/microtype/microtype-xetex.def
File: microtype-xetex.def 2026/03/01 v3.2d Definitions specific to xetex (RS)
LaTeX Info: Redefining \lsstyle on input line 443.
LaTeX Info: Redefining \lslig on input line 451.
\MT@outer@space=\skip54
)
Package microtype Info: Loading configuration file microtype.cfg.
(/usr/share/texlive/texmf-dist/tex/latex/microtype/microtype.cfg
File: microtype.cfg 2026/03/01 v3.2d microtype main configuration file (RS)
)
LaTeX Info: Redefining \microtypesetup on input line 3065.
) (/usr/share/texlive/texmf-dist/tex/latex/setspace/setspace.sty
Package: setspace 2022/12/04 v6.7b set line spacing
) (/usr/share/texlive/texmf-dist/tex/latex/parskip/parskip.sty
Package: parskip 2021-03-14 v2.0h non-zero parskip adjustments
(/usr/share/texlive/texmf-dist/tex/latex/kvoptions/kvoptions.sty
Package: kvoptions 2022-06-15 v3.15 Key value format for package options (HO)
(/usr/share/texlive/texmf-dist/tex/generic/ltxcmds/ltxcmds.sty
Package: ltxcmds 2023-12-04 v1.26 LaTeX kernel commands for general use (HO)
) (/usr/share/texlive/texmf-dist/tex/latex/kvsetkeys/kvsetkeys.sty
Package: kvsetkeys 2022-10-05 v1.19 Key value parser (HO)
))) (/usr/share/texlive/texmf-dist/tex/latex/fancyvrb/fancyvrb.sty
Package: fancyvrb 2026/04/16 4.6a verbatim text (tvz,hv)
\FV@CodeLineNo=\count314
\FV@InFile=\read2
\FV@TabBox=\box56
\c@FancyVerbLine=\count315
\FV@StepNumber=\count316
\FV@OutFile=\write3
) (/usr/share/texlive/texmf-dist/tex/latex/framed/framed.sty
Package: framed 2011/10/22 v 0.96: framed or shaded text with page breaks
\OuterFrameSep=\skip55
\fb@frw=\dimen172
\fb@frh=\dimen173
\FrameRule=\dimen174
\FrameSep=\dimen175
) (/usr/share/texlive/texmf-dist/tex/latex/tools/longtable.sty
Package: longtable 2026-01-28 v4.27 Multi-page Table package (DPC)
\LTleft=\skip56
\LTright=\skip57
\LTpre=\skip58
\LTpost=\skip59
\LTchunksize=\count317
\LTcapwidth=\dimen176
\LT@head=\box57
\LT@firsthead=\box58
\LT@foot=\box59
\LT@lastfoot=\box60
\LT@gbox=\box61
\LT@cols=\count318
\LT@rows=\count319
\c@LT@tables=\count320
\c@LT@chunks=\count321
\LT@p@ftn=\toks26
) (/usr/share/texlive/texmf-dist/tex/latex/booktabs/booktabs.sty
Package: booktabs 2020/01/12 v1.61803398 Publication quality tables
\heavyrulewidth=\dimen177
\lightrulewidth=\dimen178
\cmidrulewidth=\dimen179
\belowrulesep=\dimen180
\belowbottomsep=\dimen181
\aboverulesep=\dimen182
\abovetopsep=\dimen183
\cmidrulesep=\dimen184
\cmidrulekern=\dimen185
\defaultaddspace=\dimen186
\@cmidla=\count322
\@cmidlb=\count323
\@aboverulesep=\dimen187
\@belowrulesep=\dimen188
\@thisruleclass=\count324
\@lastruleclass=\count325
\@thisrulewidth=\dimen189
) (/usr/share/texlive/texmf-dist/tex/latex/tools/array.sty

LaTeX Warning: You have requested release `2026/06/01' of LaTeX,
               but only release `2025-11-01' is available.

Package: array 2026/01/25 v2.7a Tabular extension package (FMi)
\col@sep=\dimen190
\ar@mcellbox=\box62
\extrarowheight=\dimen191
\NC@list=\toks27
\extratabsurround=\skip60
\backup@length=\skip61
\ar@cellbox=\box63
)
\c@none=\count326
(/usr/share/texlive/texmf-dist/tex/latex/tools/calc.sty
Package: calc 2025/03/01 v4.3b Infix arithmetic (KKT,FJ)
\calc@Acount=\count327
\calc@Bcount=\count328
\calc@Adimen=\dimen192
\calc@Bdimen=\dimen193
\calc@Askip=\skip62
\calc@Bskip=\skip63
LaTeX Info: Redefining \setlength on input line 86.
LaTeX Info: Redefining \addtolength on input line 87.
\calc@Ccount=\count329
\calc@Cskip=\skip64
) (/usr/share/texlive/texmf-dist/tex/latex/footnotehyper/footnotehyper.sty
Package: footnotehyper 2025/11/15 v1.1f hyperref aware footnote.sty (JFB)
\FNH@notes=\box64
\FNH@width=\dimen194
\FNH@toks=\toks28
) (/usr/share/texlive/texmf-dist/tex/latex/graphics/graphicx.sty
Package: graphicx 2024/12/31 v1.2e Enhanced LaTeX Graphics (DPC,SPQR)
(/usr/share/texlive/texmf-dist/tex/latex/graphics/graphics.sty
Package: graphics 2024/08/06 v1.4g Standard LaTeX Graphics (DPC,SPQR)
(/usr/share/texlive/texmf-dist/tex/latex/graphics/trig.sty
Package: trig 2023/12/02 v1.11 sin cos tan (DPC)
) (/usr/share/texlive/texmf-dist/tex/latex/graphics-cfg/graphics.cfg
File: graphics.cfg 2016/06/04 v1.11 sample graphics configuration
)
Package graphics Info: Driver file: xetex.def on input line 106.
)
\Gin@req@height=\dimen195
\Gin@req@width=\dimen196
)
\pandoc@box=\box65
(/usr/share/texlive/texmf-dist/tex/generic/babel/babel.sty
Package: babel 2026/04/15 v26.6 The multilingual framework for LuaLaTeX, pdfLaT
eX and XeLaTeX
\babel@savecnt=\count330
LaTeX Encoding Info:    Redeclaring text command \ij (encoding OT1) on input li
ne 2078.
LaTeX Encoding Info:    Redeclaring text command \IJ (encoding OT1) on input li
ne 2080.
LaTeX Encoding Info:    Redeclaring text command \ij (encoding T1) on input lin
e 2082.
LaTeX Encoding Info:    Redeclaring text command \IJ (encoding T1) on input lin
e 2083.
LaTeX Encoding Info:    Ignoring declaration for text command \ij (encoding ?) 
on input line 2084.
LaTeX Encoding Info:    Ignoring declaration for text command \IJ (encoding ?) 
on input line 2086.
LaTeX Encoding Info:    Ignoring declaration for text command \SS (encoding ?) 
on input line 2111.
\U@D=\dimen197
\l@unhyphenated=\language89
(/usr/share/texlive/texmf-dist/tex/generic/babel/xebabel.def)
\bbl@readstream=\read3
\bbl@dirlevel=\count331
(/usr/share/texlive/texmf-dist/tex/generic/babel/locale/es/babel-spanish.tex)
Package babel Info: Importing font and identification data for spanish
(babel)             from babel-es.ini. Reported on input line 4330.
(/usr/share/texlive/texmf-dist/tex/generic/babel-spanish/spanish.ldf
Language: spanish.ldf 2021/05/27 v5.0q Spanish support from the babel system
\es@quottoks=\toks29
\es@quotdepth=\count332
))
LaTeX Encoding Info:    Redeclaring text command \guillemotleft (encoding OT1) 
on input line 113.
LaTeX Encoding Info:    Redeclaring text command \guillemotright (encoding OT1)
 on input line 113.
(/usr/share/texlive/texmf-dist/tex/latex/fancyhdr/fancyhdr.sty
Package: fancyhdr 2025/02/07 v5.2 Extensive control of page headers and footers

\f@nch@headwidth=\skip65
\f@nch@offset@elh=\skip66
\f@nch@offset@erh=\skip67
\f@nch@offset@olh=\skip68
\f@nch@offset@orh=\skip69
\f@nch@offset@elf=\skip70
\f@nch@offset@erf=\skip71
\f@nch@offset@olf=\skip72
\f@nch@offset@orf=\skip73
\f@nch@height=\skip74
\f@nch@footalignment=\skip75
\f@nch@widthL=\skip76
\f@nch@widthC=\skip77
\f@nch@widthR=\skip78
\@temptokenb=\toks30
) (/usr/share/texlive/texmf-dist/tex/latex/lastpage/lastpage.sty
Package: lastpage 2025/08/14 v2.1h lastpage: 2.09 or 2e? (HMM)
(/usr/share/texlive/texmf-dist/tex/latex/lastpage/lastpage2e.sty
Package: lastpage2e 2025/08/14 v2.1h Decide which 2e lastpage version to use (H
MM)
(/usr/share/texlive/texmf-dist/tex/latex/lastpage/lastpagemodern.sty
Package: lastpagemodern 2025-08-14 v2.1h Refers to last page's name (HMM; JPG)
\c@lastpagecount=\count333
) 
)) (/usr/share/texlive/texmf-dist/tex/latex/fvextra/fvextra.sty
Package: fvextra 2026/02/25 v1.14.0 fvextra - extensions and patches for fancyv
rb
(/usr/share/texlive/texmf-dist/tex/latex/lineno/lineno.sty
Package: lineno 2026/03/08 line numbers on paragraphs v5.9
\linenopenalty=\count334
\output=\toks31
\linenoprevgraf=\count335
\linenumbersep=\dimen198
\linenumberwidth=\dimen199
\c@linenumber=\count336
\c@pagewiselinenumber=\count337
\c@LN@truepage=\count338
\c@internallinenumber=\count339
\c@internallinenumbers=\count340
\quotelinenumbersep=\dimen256
\bframerule=\dimen257
\bframesep=\dimen258
\bframebox=\box66
\@LN@amsmath@ams@eqpen=\count341
)
\c@FancyVerbWriteLine=\count342
\c@FancyVerbBufferLine=\count343
\c@FV@TrueTabGroupLevel=\count344
\c@FV@TrueTabCounter=\count345
\FV@TabBox@Group=\box67
\FV@bgcolorstructbox=\box68
\FV@TmpLength=\skip79
\c@FV@HighlightLinesStart=\count346
\c@FV@HighlightLinesStop=\count347
\FV@LoopCount=\count348
\FV@NCharsBox=\box69
\FV@BreakIndent=\dimen259
\FV@BreakIndentNChars=\count349
\FV@BreakSymbolSepLeft=\dimen260
\FV@BreakSymbolSepLeftNChars=\count350
\FV@BreakSymbolSepRight=\dimen261
\FV@BreakSymbolSepRightNChars=\count351
\FV@BreakSymbolIndentLeft=\dimen262
\FV@BreakSymbolIndentLeftNChars=\count352
\FV@BreakSymbolIndentRight=\dimen263
\FV@BreakSymbolIndentRightNChars=\count353
\c@FancyVerbLineBreakLast=\count354
\FV@LineBox=\box70
\FV@LineIndentBox=\box71
\c@FV@BreakBufferDepth=\count355
\FV@LineWidth=\dimen264
) (/usr/share/texlive/texmf-dist/tex/latex/bookmark/bookmark.sty
Package: bookmark 2023-12-10 v1.31 PDF bookmarks (HO)
(/usr/share/texlive/texmf-dist/tex/latex/hyperref/hyperref.sty
Package: hyperref 2026-04-24 v7.01q Hypertext links for LaTeX
(/usr/share/texlive/texmf-dist/tex/generic/kvdefinekeys/kvdefinekeys.sty
Package: kvdefinekeys 2019-12-19 v1.6 Define keys (HO)
) (/usr/share/texlive/texmf-dist/tex/generic/pdfescape/pdfescape.sty
Package: pdfescape 2019/12/09 v1.15 Implements pdfTeX's escape features (HO)
(/usr/share/texlive/texmf-dist/tex/generic/pdftexcmds/pdftexcmds.sty
Package: pdftexcmds 2020-06-27 v0.33 Utility functions of pdfTeX for LuaTeX (HO
)
(/usr/share/texlive/texmf-dist/tex/generic/infwarerr/infwarerr.sty
Package: infwarerr 2019/12/03 v1.5 Providing info/warning/error messages (HO)
)
Package pdftexcmds Info: \pdf@primitive is available.
Package pdftexcmds Info: \pdf@ifprimitive is available.
Package pdftexcmds Info: \pdfdraftmode not found.
)) (/usr/share/texlive/texmf-dist/tex/latex/hycolor/hycolor.sty
Package: hycolor 2020-01-27 v1.10 Color options for hyperref/bookmark (HO)
) (/usr/share/texlive/texmf-dist/tex/latex/hyperref/nameref.sty
Package: nameref 2026-01-29 v2.58 Cross-referencing by name of section
(/usr/share/texlive/texmf-dist/tex/latex/refcount/refcount.sty
Package: refcount 2019/12/15 v3.6 Data extraction from label references (HO)
) (/usr/share/texlive/texmf-dist/tex/generic/gettitlestring/gettitlestring.sty
Package: gettitlestring 2019/12/15 v1.6 Cleanup title references (HO)
)
\c@section@level=\count356
) (/usr/share/texlive/texmf-dist/tex/generic/stringenc/stringenc.sty
Package: stringenc 2019/11/29 v1.12 Convert strings between diff. encodings (HO
)
)
\@linkdim=\dimen265
\Hy@linkcounter=\count357
\Hy@pagecounter=\count358
(/usr/share/texlive/texmf-dist/tex/latex/hyperref/pd1enc.def
File: pd1enc.def 2026-04-24 v7.01q Hyperref: PDFDocEncoding definition (HO)
) (/usr/share/texlive/texmf-dist/tex/generic/intcalc/intcalc.sty
Package: intcalc 2019/12/15 v1.3 Expandable calculations with integers (HO)
)
\Hy@SavedSpaceFactor=\count359
(/usr/share/texlive/texmf-dist/tex/latex/hyperref/puenc.def
File: puenc.def 2026-04-24 v7.01q Hyperref: PDF Unicode definition (HO)
)
Package hyperref Info: Option `unicode' set `true' on input line 4070.
Package hyperref Info: Hyper figures OFF on input line 4199.
Package hyperref Info: Link nesting OFF on input line 4204.
Package hyperref Info: Hyper index ON on input line 4207.
Package hyperref Info: Plain pages OFF on input line 4214.
Package hyperref Info: Backreferencing OFF on input line 4219.
Package hyperref Info: Implicit mode ON; LaTeX internals redefined.
Package hyperref Info: Bookmarks ON on input line 4466.
\c@Hy@tempcnt=\count360
(/usr/share/texlive/texmf-dist/tex/latex/url/url.sty
\Urlmuskip=\muskip19
Package: url 2013/09/16  ver 3.4  Verb mode for urls, etc.
)
LaTeX Info: Redefining \url on input line 4805.
\XeTeXLinkMargin=\dimen266
(/usr/share/texlive/texmf-dist/tex/generic/bitset/bitset.sty
Package: bitset 2019/12/09 v1.3 Handle bit-vector datatype (HO)
(/usr/share/texlive/texmf-dist/tex/generic/bigintcalc/bigintcalc.sty
Package: bigintcalc 2019/12/15 v1.5 Expandable calculations on big integers (HO
)
))
\Fld@menulength=\count361
\Field@Width=\dimen267
\Fld@charsize=\dimen268
Package hyperref Info: Hyper figures OFF on input line 6091.
Package hyperref Info: Link nesting OFF on input line 6096.
Package hyperref Info: Hyper index ON on input line 6099.
Package hyperref Info: backreferencing OFF on input line 6106.
Package hyperref Info: Link coloring OFF on input line 6111.
Package hyperref Info: Link coloring with OCG OFF on input line 6116.
Package hyperref Info: PDF/A mode OFF on input line 6121.
\Hy@abspage=\count362
\c@Item=\count363
\c@Hfootnote=\count364
)
Package hyperref Info: Driver (autodetected): hxetex.
(/usr/share/texlive/texmf-dist/tex/latex/hyperref/hxetex.def
File: hxetex.def 2026-04-24 v7.01q Hyperref driver for XeTeX
\pdfm@box=\box72
\c@Hy@AnnotLevel=\count365
\HyField@AnnotCount=\count366
\Fld@listcount=\count367
\c@bookmark@seq@number=\count368
(/usr/share/texlive/texmf-dist/tex/latex/rerunfilecheck/rerunfilecheck.sty
Package: rerunfilecheck 2025-06-21 v1.11 Rerun checks for auxiliary files (HO)
(/usr/share/texlive/texmf-dist/tex/generic/uniquecounter/uniquecounter.sty
Package: uniquecounter 2019/12/15 v1.4 Provide unlimited unique counter (HO)
)
Package uniquecounter Info: New unique counter `rerunfilecheck' on input line 2
84.
)
\Hy@SectionHShift=\skip80
) (/usr/share/texlive/texmf-dist/tex/latex/bookmark/bkm-dvipdfm.def
File: bkm-dvipdfm.def 2023-12-10 v1.31 bookmark driver for dvipdfm (HO)
\BKM@id=\count369
)) (/usr/share/texlive/texmf-dist/tex/latex/xurl/xurl.sty
Package: xurl 2022/01/09 v 0.10 modify URL breaks
) (./Manual-de-Referencia----Gromacs.aux
LaTeX Info: Redefining \. on input line 9.
LaTeX Info: Redefining \% on input line 9.
Package babel Info: 'spanish' activates 'spanish' shorthands.
(babel)             Reported on input line 9.
)
\openout1 = `Manual-de-Referencia----Gromacs.aux'.

LaTeX Font Info:    Checking defaults for OML/cmm/m/it on input line 159.
LaTeX Font Info:    ... okay on input line 159.
LaTeX Font Info:    Checking defaults for OMS/cmsy/m/n on input line 159.
LaTeX Font Info:    ... okay on input line 159.
LaTeX Font Info:    Checking defaults for OT1/cmr/m/n on input line 159.
LaTeX Font Info:    ... okay on input line 159.
LaTeX Font Info:    Checking defaults for T1/cmr/m/n on input line 159.
LaTeX Font Info:    ... okay on input line 159.
LaTeX Font Info:    Checking defaults for TS1/cmr/m/n on input line 159.
LaTeX Font Info:    ... okay on input line 159.
LaTeX Font Info:    Checking defaults for TU/lmr/m/n on input line 159.
LaTeX Font Info:    ... okay on input line 159.
LaTeX Font Info:    Checking defaults for OMX/cmex/m/n on input line 159.
LaTeX Font Info:    ... okay on input line 159.
LaTeX Font Info:    Checking defaults for U/cmr/m/n on input line 159.
LaTeX Font Info:    ... okay on input line 159.
LaTeX Font Info:    Checking defaults for PD1/pdf/m/n on input line 159.
LaTeX Font Info:    ... okay on input line 159.
LaTeX Font Info:    Checking defaults for PU/pdf/m/n on input line 159.
LaTeX Font Info:    ... okay on input line 159.
*geometry* driver: auto-detecting
*geometry* detected driver: xetex
*geometry* verbose mode - [ preamble ] result:
* driver: xetex
* paper: a4paper
* layout: <same size as paper>
* layoutoffset:(h,v)=(0.0pt,0.0pt)
* modes: 
* h-part:(L,W,R)=(65.44142pt, 466.62503pt, 65.44142pt)
* v-part:(T,H,B)=(62.59596pt, 719.85492pt, 62.59596pt)
* \paperwidth=597.50787pt
* \paperheight=845.04684pt
* \textwidth=466.62503pt
* \textheight=719.85492pt
* \oddsidemargin=-6.82857pt
* \evensidemargin=-6.82857pt
* \topmargin=-46.67403pt
* \headheight=14.0pt
* \headsep=25.0pt
* \topskip=11.0pt
* \footskip=30.0pt
* \marginparwidth=50.0pt
* \marginparsep=10.0pt
* \columnsep=10.0pt
* \skip\footins=10.0pt plus 4.0pt minus 2.0pt
* \hoffset=0.0pt
* \voffset=0.0pt
* \mag=1000
* \@twocolumnfalse
* \@twosidefalse
* \@mparswitchfalse
* \@reversemarginfalse
* (1in=72.27pt=25.4mm, 1cm=28.453pt)

LaTeX Font Info:    Overwriting math alphabet `\mathrm' in version `normal'
(Font)                  OT1/lmr/m/n --> TU/lmr/m/n on input line 159.
LaTeX Font Info:    Overwriting math alphabet `\mathit' in version `normal'
(Font)                  OT1/lmr/m/it --> TU/lmr/m/it on input line 159.
LaTeX Font Info:    Overwriting math alphabet `\mathbf' in version `normal'
(Font)                  OT1/lmr/bx/n --> TU/lmr/bx/n on input line 159.
LaTeX Font Info:    Overwriting math alphabet `\mathsf' in version `normal'
(Font)                  OT1/lmss/m/n --> TU/lmss/m/n on input line 159.
LaTeX Font Info:    Overwriting math alphabet `\mathsf' in version `bold'
(Font)                  OT1/lmss/bx/n --> TU/lmss/bx/n on input line 159.
LaTeX Font Info:    Overwriting math alphabet `\mathtt' in version `normal'
(Font)                  OT1/lmtt/m/n --> TU/lmtt/m/n on input line 159.
LaTeX Font Info:    Overwriting math alphabet `\mathtt' in version `bold'
(Font)                  OT1/lmtt/m/n --> TU/lmtt/bx/n on input line 159.

Package fontspec Info: 
(fontspec)             latinmodern-math scale = 0.9999967668407183.


Package fontspec Info: 
(fontspec)             latinmodern-math scale = 0.9999967668407183.


Package fontspec Info: 
(fontspec)             latinmodern-math scale = 0.9999967668407183.


Package fontspec Info: 
(fontspec)             Font family 'latinmodern-math.otf(0)' created for font
(fontspec)             'latinmodern-math.otf' with options
(fontspec)             [Scale=MatchLowercase,BoldItalicFont={},ItalicFont={},Sm
allCapsFont={},Script=Math,BoldFont={latinmodern-math.otf}].
(fontspec)              
(fontspec)              This font family consists of the following NFSS
(fontspec)             series/shapes:
(fontspec)              
(fontspec)             - 'normal' (m/n) with NFSS spec.:
(fontspec)             <->s*[0.9999967668407183]"[latinmodern-math.otf]/OT:scri
pt=math;language=dflt;"
(fontspec)             - 'bold' (b/n) with NFSS spec.:
(fontspec)             <->s*[0.9999967668407183]"[latinmodern-math.otf]/OT:scri
pt=math;language=dflt;"

LaTeX Font Info:    Font shape `TU/latinmodern-math.otf(0)/m/n' will be
(Font)              scaled to size 10.95pt on input line 159.

Package fontspec Info: 
(fontspec)             latinmodern-math scale = 0.9999967668407183.


Package fontspec Info: 
(fontspec)             latinmodern-math scale = 0.9999967668407183.


Package fontspec Info: 
(fontspec)             latinmodern-math scale = 0.9999967668407183.


Package fontspec Info: 
(fontspec)             latinmodern-math scale = 0.9999967668407183.


Package fontspec Info: 
(fontspec)             latinmodern-math scale = 0.9999967668407183.


Package fontspec Info: 
(fontspec)             Font family 'latinmodern-math.otf(1)' created for font
(fontspec)             'latinmodern-math.otf' with options
(fontspec)             [Scale=MatchLowercase,BoldItalicFont={},ItalicFont={},Sm
allCapsFont={},Script=Math,SizeFeatures={{Size=9.3075-},{Size=6.57-9.3075,Font=
latinmodern-math.otf,Style=MathScript},{Size=-6.57,Font=latinmodern-math.otf,St
yle=MathScriptScript}},BoldFont={latinmodern-math.otf}].
(fontspec)              
(fontspec)              This font family consists of the following NFSS
(fontspec)             series/shapes:
(fontspec)              
(fontspec)             - 'normal' (m/n) with NFSS spec.:
(fontspec)             <9.3075->s*[0.9999967668407183]"[latinmodern-math.otf]/O
T:script=math;language=dflt;"<6.57-9.3075>s*[0.9999967668407183]"[latinmodern-m
ath.otf]/OT:script=math;language=dflt;+ssty=0;"<-6.57>s*[0.9999967668407183]"[l
atinmodern-math.otf]/OT:script=math;language=dflt;+ssty=1;"
(fontspec)             - 'bold' (b/n) with NFSS spec.:
(fontspec)             <->s*[0.9999967668407183]"[latinmodern-math.otf]/OT:scri
pt=math;language=dflt;"

LaTeX Font Info:    Font shape `TU/latinmodern-math.otf(1)/m/n' will be
(Font)              scaled to size 10.95pt on input line 159.
LaTeX Font Info:    Encoding `OT1' has changed to `TU' for symbol font
(Font)              `operators' in the math version `normal' on input line 159.

LaTeX Font Info:    Overwriting symbol font `operators' in version `normal'
(Font)                  OT1/lmr/m/n --> TU/latinmodern-math.otf(1)/m/n on input
 line 159.
LaTeX Font Info:    Encoding `OT1' has changed to `TU' for symbol font
(Font)              `operators' in the math version `bold' on input line 159.
LaTeX Font Info:    Overwriting symbol font `operators' in version `bold'
(Font)                  OT1/lmr/bx/n --> TU/latinmodern-math.otf(1)/b/n on inpu
t line 159.

Package fontspec Info: 
(fontspec)             latinmodern-math scale = 0.9999967668407183.


Package fontspec Info: 
(fontspec)             latinmodern-math scale = 1.000096766517402.


Package fontspec Info: 
(fontspec)             latinmodern-math scale = 0.9999967668407183.


Package fontspec Info: 
(fontspec)             latinmodern-math scale = 1.000096766517402.


Package fontspec Info: 
(fontspec)             latinmodern-math scale = 0.9999967668407183.


Package fontspec Info: 
(fontspec)             latinmodern-math scale = 1.000096766517402.


Package fontspec Info: 
(fontspec)             latinmodern-math scale = 0.9999967668407183.


Package fontspec Info: 
(fontspec)             latinmodern-math scale = 1.000096766517402.


Package fontspec Info: 
(fontspec)             latinmodern-math scale = 0.9999967668407183.


Package fontspec Info: 
(fontspec)             latinmodern-math scale = 1.000096766517402.


Package fontspec Info: 
(fontspec)             Font family 'latinmodern-math.otf(2)' created for font
(fontspec)             'latinmodern-math.otf' with options
(fontspec)             [Scale=MatchLowercase,BoldItalicFont={},ItalicFont={},Sm
allCapsFont={},Script=Math,SizeFeatures={{Size=9.3075-},{Size=6.57-9.3075,Font=
latinmodern-math.otf,Style=MathScript},{Size=-6.57,Font=latinmodern-math.otf,St
yle=MathScriptScript}},BoldFont={latinmodern-math.otf},ScaleAgain=1.0001,FontAd
justment={\fontdimen
(fontspec)             8\font =7.41315pt\relax \fontdimen 9\font
(fontspec)             =4.3143pt\relax \fontdimen 10\font =4.8618pt\relax
(fontspec)             \fontdimen 11\font =7.5117pt\relax \fontdimen 12\font
(fontspec)             =3.77776pt\relax \fontdimen 13\font =3.97485pt\relax
(fontspec)             \fontdimen 14\font =3.97485pt\relax \fontdimen 15\font
(fontspec)             =3.16455pt\relax \fontdimen 16\font =2.70465pt\relax
(fontspec)             \fontdimen 17\font =2.70465pt\relax \fontdimen 18\font
(fontspec)             =2.7375pt\relax \fontdimen 19\font =2.19pt\relax
(fontspec)             \fontdimen 22\font =2.7375pt\relax \fontdimen 20\font
(fontspec)             =0pt\relax \fontdimen 21\font =0pt\relax }].
(fontspec)              
(fontspec)              This font family consists of the following NFSS
(fontspec)             series/shapes:
(fontspec)              
(fontspec)             - 'normal' (m/n) with NFSS spec.:
(fontspec)             <9.3075->s*[1.000096766517402]"[latinmodern-math.otf]/OT
:script=math;language=dflt;"<6.57-9.3075>s*[1.000096766517402]"[latinmodern-mat
h.otf]/OT:script=math;language=dflt;+ssty=0;"<-6.57>s*[1.000096766517402]"[lati
nmodern-math.otf]/OT:script=math;language=dflt;+ssty=1;"
(fontspec)             - 'bold' (b/n) with NFSS spec.:
(fontspec)             <->s*[1.000096766517402]"[latinmodern-math.otf]/OT:scrip
t=math;language=dflt;"

LaTeX Font Info:    Encoding `OMS' has changed to `TU' for symbol font
(Font)              `symbols' in the math version `normal' on input line 159.
LaTeX Font Info:    Overwriting symbol font `symbols' in version `normal'
(Font)                  OMS/lmsy/m/n --> TU/latinmodern-math.otf(2)/m/n on inpu
t line 159.
LaTeX Font Info:    Encoding `OMS' has changed to `TU' for symbol font
(Font)              `symbols' in the math version `bold' on input line 159.
LaTeX Font Info:    Overwriting symbol font `symbols' in version `bold'
(Font)                  OMS/lmsy/b/n --> TU/latinmodern-math.otf(2)/b/n on inpu
t line 159.

Package fontspec Info: 
(fontspec)             latinmodern-math scale = 0.9999967668407183.


Package fontspec Info: 
(fontspec)             latinmodern-math scale = 0.9998967671640342.


Package fontspec Info: 
(fontspec)             latinmodern-math scale = 0.9999967668407183.


Package fontspec Info: 
(fontspec)             latinmodern-math scale = 0.9998967671640342.


Package fontspec Info: 
(fontspec)             latinmodern-math scale = 0.9999967668407183.


Package fontspec Info: 
(fontspec)             latinmodern-math scale = 0.9998967671640342.


Package fontspec Info: 
(fontspec)             latinmodern-math scale = 0.9999967668407183.


Package fontspec Info: 
(fontspec)             latinmodern-math scale = 0.9998967671640342.


Package fontspec Info: 
(fontspec)             latinmodern-math scale = 0.9999967668407183.


Package fontspec Info: 
(fontspec)             latinmodern-math scale = 0.9998967671640342.


Package fontspec Info: 
(fontspec)             Font family 'latinmodern-math.otf(3)' created for font
(fontspec)             'latinmodern-math.otf' with options
(fontspec)             [Scale=MatchLowercase,BoldItalicFont={},ItalicFont={},Sm
allCapsFont={},Script=Math,SizeFeatures={{Size=9.3075-},{Size=6.57-9.3075,Font=
latinmodern-math.otf,Style=MathScript},{Size=-6.57,Font=latinmodern-math.otf,St
yle=MathScriptScript}},BoldFont={latinmodern-math.otf},ScaleAgain=0.9999,FontAd
justment={\fontdimen
(fontspec)             8\font =0.438pt\relax \fontdimen 9\font =2.19pt\relax
(fontspec)             \fontdimen 10\font =1.82864pt\relax \fontdimen 11\font
(fontspec)             =1.21545pt\relax \fontdimen 12\font =6.56999pt\relax
(fontspec)             \fontdimen 13\font =0pt\relax }].
(fontspec)              
(fontspec)              This font family consists of the following NFSS
(fontspec)             series/shapes:
(fontspec)              
(fontspec)             - 'normal' (m/n) with NFSS spec.:
(fontspec)             <9.3075->s*[0.9998967671640342]"[latinmodern-math.otf]/O
T:script=math;language=dflt;"<6.57-9.3075>s*[0.9998967671640342]"[latinmodern-m
ath.otf]/OT:script=math;language=dflt;+ssty=0;"<-6.57>s*[0.9998967671640342]"[l
atinmodern-math.otf]/OT:script=math;language=dflt;+ssty=1;"
(fontspec)             - 'bold' (b/n) with NFSS spec.:
(fontspec)             <->s*[0.9998967671640342]"[latinmodern-math.otf]/OT:scri
pt=math;language=dflt;"

LaTeX Font Info:    Encoding `OMX' has changed to `TU' for symbol font
(Font)              `largesymbols' in the math version `normal' on input line 1
59.
LaTeX Font Info:    Overwriting symbol font `largesymbols' in version `normal'
(Font)                  OMX/lmex/m/n --> TU/latinmodern-math.otf(3)/m/n on inpu
t line 159.
LaTeX Font Info:    Encoding `OMX' has changed to `TU' for symbol font
(Font)              `largesymbols' in the math version `bold' on input line 159
.
LaTeX Font Info:    Overwriting symbol font `largesymbols' in version `bold'
(Font)                  OMX/lmex/m/n --> TU/latinmodern-math.otf(3)/b/n on inpu
t line 159.
LaTeX Info: Redefining \microtypecontext on input line 159.
Package microtype Info: Applying patch `item' on input line 159.
Package microtype Info: Applying patch `toc' on input line 159.
Package microtype Info: Applying patch `eqnum' on input line 159.
Package microtype Info: Applying patch `footnote' on input line 159.
Package microtype Info: Applying patch `verbatim' on input line 159.
LaTeX Info: Redefining \microtypesetup on input line 159.
Package microtype Info: Character protrusion enabled (level 2).
Package microtype Info: Using protrusion set `basicmath'.
Package microtype Info: No adjustment of tracking.
Package microtype Info: No adjustment of spacing.
Package microtype Info: No adjustment of kerning.
(/usr/share/texlive/texmf-dist/tex/latex/microtype/mt-LatinModernRoman.cfg
File: mt-LatinModernRoman.cfg 2026/02/26 v1.2 microtype config. file: Latin Mod
ern Roman (RS)
)
LaTeX Info: Redefining \. on input line 159.
LaTeX Info: Redefining \% on input line 159.
Package hyperref Info: Link coloring OFF on input line 159.
LaTeX Font Info:    Font shape `TU/latinmodern-math.otf(1)/m/n' will be
(Font)              scaled to size 12.0pt on input line 161.
LaTeX Font Info:    Font shape `TU/latinmodern-math.otf(1)/m/n' will be
(Font)              scaled to size 8.0pt on input line 161.
LaTeX Font Info:    Font shape `TU/latinmodern-math.otf(1)/m/n' will be
(Font)              scaled to size 6.0pt on input line 161.
LaTeX Font Info:    Trying to load font information for OML+lmm on input line 1
61.
(/usr/share/texlive/texmf-dist/tex/latex/lm/omllmm.fd
File: omllmm.fd 2015/05/01 v1.6.1 Font defs for Latin Modern
)
LaTeX Font Info:    Font shape `TU/latinmodern-math.otf(2)/m/n' will be
(Font)              scaled to size 12.0011pt on input line 161.
LaTeX Font Info:    Font shape `TU/latinmodern-math.otf(2)/m/n' will be
(Font)              scaled to size 8.00073pt on input line 161.
LaTeX Font Info:    Font shape `TU/latinmodern-math.otf(2)/m/n' will be
(Font)              scaled to size 6.00055pt on input line 161.
LaTeX Font Info:    Font shape `TU/latinmodern-math.otf(3)/m/n' will be
(Font)              scaled to size 11.99872pt on input line 161.
LaTeX Font Info:    Font shape `TU/latinmodern-math.otf(3)/m/n' will be
(Font)              scaled to size 7.99915pt on input line 161.
LaTeX Font Info:    Font shape `TU/latinmodern-math.otf(3)/m/n' will be
(Font)              scaled to size 5.99936pt on input line 161.
LaTeX Font Info:    Trying to load font information for U+msa on input line 161
.
(/usr/share/texlive/texmf-dist/tex/latex/amsfonts/umsa.fd
File: umsa.fd 2013/01/14 v3.01 AMS symbols A
) (/usr/share/texlive/texmf-dist/tex/latex/microtype/mt-msa.cfg
File: mt-msa.cfg 2006/02/04 v1.1 microtype config. file: AMS symbols (a) (RS)
)
LaTeX Font Info:    Trying to load font information for U+msb on input line 161
.
(/usr/share/texlive/texmf-dist/tex/latex/amsfonts/umsb.fd
File: umsb.fd 2013/01/14 v3.01 AMS symbols B
) (/usr/share/texlive/texmf-dist/tex/latex/microtype/mt-msb.cfg
File: mt-msb.cfg 2005/06/01 v1.0 microtype config. file: AMS symbols (b) (RS)
) (./Manual-de-Referencia----Gromacs.toc
LaTeX Info: Redefining \. on input line 1.
LaTeX Info: Redefining \% on input line 1.
LaTeX Font Info:    Font shape `TU/latinmodern-math.otf(1)/m/n' will be
(Font)              scaled to size 7.665pt on input line 5.
LaTeX Font Info:    Font shape `TU/latinmodern-math.otf(1)/m/n' will be
(Font)              scaled to size 5.475pt on input line 5.
LaTeX Font Info:    Font shape `TU/latinmodern-math.otf(2)/m/n' will be
(Font)              scaled to size 10.95099pt on input line 5.
LaTeX Font Info:    Font shape `TU/latinmodern-math.otf(2)/m/n' will be
(Font)              scaled to size 7.66568pt on input line 5.
LaTeX Font Info:    Font shape `TU/latinmodern-math.otf(2)/m/n' will be
(Font)              scaled to size 5.4755pt on input line 5.
LaTeX Font Info:    Font shape `TU/latinmodern-math.otf(3)/m/n' will be
(Font)              scaled to size 10.94882pt on input line 5.
LaTeX Font Info:    Font shape `TU/latinmodern-math.otf(3)/m/n' will be
(Font)              scaled to size 7.66417pt on input line 5.
LaTeX Font Info:    Font shape `TU/latinmodern-math.otf(3)/m/n' will be
(Font)              scaled to size 5.47441pt on input line 5.
[1

]
Overfull \hbox (1.46735pt too wide) detected at line 74
\TU/lmr/m/n/10.95 4.23.10. 
 []

LaTeX Info: Redefining \. on input line 107.
LaTeX Info: Redefining \% on input line 107.
Package babel Info: 'spanish' activates 'spanish' shorthands.
(babel)             Reported on input line 107.

Package fancyhdr Warning: \headheight is too small (14.0pt): 
(fancyhdr)                Make it at least 14.03358pt, for example:
(fancyhdr)                \setlength{\headheight}{14.03358pt}.
(fancyhdr)                You might also make \topmargin smaller:
(fancyhdr)                \addtolength{\topmargin}{-0.03358pt}.

[2]
LaTeX Info: Redefining \. on input line 164.
LaTeX Info: Redefining \% on input line 164.

Package fancyhdr Warning: \headheight is too small (14.0pt): 
(fancyhdr)                Make it at least 14.03358pt, for example:
(fancyhdr)                \setlength{\headheight}{14.03358pt}.
(fancyhdr)                You might also make \topmargin smaller:
(fancyhdr)                \addtolength{\topmargin}{-0.03358pt}.

[3]
Missing character: There is no λ (U+03BB) in font [lmroman10-regular]:mapping=t
ex-text;!
Missing character: There is no λ (U+03BB) in font [lmroman10-regular]:mapping=t
ex-text;!
LaTeX Info: Redefining \. on input line 224.
LaTeX Info: Redefining \% on input line 224.

Package fancyhdr Warning: \headheight is too small (14.0pt): 
(fancyhdr)                Make it at least 14.03358pt, for example:
(fancyhdr)                \setlength{\headheight}{14.03358pt}.
(fancyhdr)                You might also make \topmargin smaller:
(fancyhdr)                \addtolength{\topmargin}{-0.03358pt}.

[4]
LaTeX Info: Redefining \. on input line 276.
LaTeX Info: Redefining \% on input line 276.

Package fancyhdr Warning: \headheight is too small (14.0pt): 
(fancyhdr)                Make it at least 14.03358pt, for example:
(fancyhdr)                \setlength{\headheight}{14.03358pt}.
(fancyhdr)                You might also make \topmargin smaller:
(fancyhdr)                \addtolength{\topmargin}{-0.03358pt}.

[5])
\tf@toc=\write4
\openout4 = `Manual-de-Referencia----Gromacs.toc'.

LaTeX Info: Redefining \. on input line 234.
LaTeX Info: Redefining \% on input line 234.
[6]
LaTeX Font Info:    Font shape `TU/lmtt/bx/n' in size <10> not available
(Font)              Font shape `TU/lmtt/b/n' tried instead on input line 236.
LaTeX Info: Redefining \. on input line 324.
LaTeX Info: Redefining \% on input line 324.
[7]
LaTeX Info: Redefining \. on input line 407.
LaTeX Info: Redefining \% on input line 407.
[8]
LaTeX Font Info:    Font shape `TU/latinmodern-math.otf(1)/m/n' will be
(Font)              scaled to size 9.0pt on input line 449.
LaTeX Font Info:    Font shape `TU/latinmodern-math.otf(1)/m/n' will be
(Font)              scaled to size 5.0pt on input line 449.
LaTeX Font Info:    Font shape `TU/latinmodern-math.otf(2)/m/n' will be
(Font)              scaled to size 9.00082pt on input line 449.
LaTeX Font Info:    Font shape `TU/latinmodern-math.otf(2)/m/n' will be
(Font)              scaled to size 5.00046pt on input line 449.
LaTeX Font Info:    Font shape `TU/latinmodern-math.otf(3)/m/n' will be
(Font)              scaled to size 8.99904pt on input line 449.
LaTeX Font Info:    Font shape `TU/latinmodern-math.otf(3)/m/n' will be
(Font)              scaled to size 4.99947pt on input line 449.
LaTeX Info: Redefining \. on input line 495.
LaTeX Info: Redefining \% on input line 495.
[9]
LaTeX Info: Redefining \. on input line 579.
LaTeX Info: Redefining \% on input line 579.
[10]
Overfull \hbox (17.71823pt too wide) in paragraph at lines 596--596
\TU/lmr/bx/n/10.95 DGMX_GPU=CUDA|  
 []


Overfull \hbox (26.35777pt too wide) in paragraph at lines 597--597
\TU/lmr/bx/n/10.95 DGMX_GPU=OpenCL|  
 []


Overfull \hbox (13.29443pt too wide) in paragraph at lines 598--598
\TU/lmr/bx/n/10.95 DGMX_GPU=SYCL|  
 []


Overfull \hbox (12.34178pt too wide) in paragraph at lines 599--599
\TU/lmr/bx/n/10.95 DGMX_SIMD=valor|  
 []


Overfull \hbox (24.84666pt too wide) in paragraph at lines 601--601
\TU/lmr/bx/n/10.95 DGMX_DOUBLE=ON|  
 []


Overfull \hbox (71.51556pt too wide) in paragraph at lines 603--603
\TU/lmr/bx/n/10.95 DGMX_FFT_LIBRARY=fftw3|  
 []


Overfull \hbox (72.08496pt too wide) in paragraph at lines 604--604
\TU/lmr/bx/n/10.95 DBUILD_SHARED_LIBS=ON|  
 []


Overfull \hbox (104.52982pt too wide) in paragraph at lines 606--606
\TU/lmr/bx/n/10.95 DCMAKE_INSTALL_PREFIX=ruta|  
 []


Overfull \hbox (90.30577pt too wide) in paragraph at lines 608--608
\TU/lmr/bx/n/10.95 DCMAKE_BUILD_TYPE=Debug|  
 []


Underfull \hbox (badness 7981) in paragraph at lines 613--617
[]\TU/lmr/m/n/10.95 Las opciones antiguas \TU/lmr/bx/n/10.95 -DGMX_GPU=ON \TU/l
mr/m/n/10.95 y \TU/lmr/bx/n/10.95 -DGMX_USE_OPENCL=ON \TU/lmr/m/n/10.95 no
 []


Underfull \hbox (badness 2173) in paragraph at lines 613--617
\TU/lmr/m/n/10.95 deben usarse con GROMACS 2026. El backend se selecciona direc
tamente mediante \TU/lmr/bx/n/10.95 -
 []

LaTeX Info: Redefining \. on input line 641.
LaTeX Info: Redefining \% on input line 641.
[11]
LaTeX Info: Redefining \. on input line 741.
LaTeX Info: Redefining \% on input line 741.
[12]
LaTeX Info: Redefining \. on input line 837.
LaTeX Info: Redefining \% on input line 837.
[13]
Underfull \vbox (badness 10000) detected at line 853
 []

LaTeX Info: Redefining \. on input line 853.
LaTeX Info: Redefining \% on input line 853.
[14]
LaTeX Info: Redefining \. on input line 931.
LaTeX Info: Redefining \% on input line 931.
[15]
LaTeX Info: Redefining \. on input line 1013.
LaTeX Info: Redefining \% on input line 1013.
[16]
LaTeX Info: Redefining \. on input line 1100.
LaTeX Info: Redefining \% on input line 1100.
[17]
LaTeX Info: Redefining \. on input line 1193.
LaTeX Info: Redefining \% on input line 1193.
[18]
Overfull \hbox (2.69264pt too wide) in paragraph at lines 1291--1292
[]\TU/lmr/m/n/10.95 Concepto  
 []


Overfull \hbox (7.64204pt too wide) in paragraph at lines 1299--1299
[]|\TU/lmr/bx/n/10.95 Receptor|  
 []


Overfull \hbox (1.45529pt too wide) in paragraph at lines 1301--1301
[]|\TU/lmr/bx/n/10.95 Ligando|  
 []


Overfull \hbox (25.611pt too wide) in paragraph at lines 1306--1306
[]|\TU/lmr/bx/n/10.95 Microestado|  
 []


Overfull \hbox (28.88503pt too wide) in paragraph at lines 1310--1310
[]|\TU/lmr/bx/n/10.95 Coordenadas|  
 []


Overfull \hbox (11.02559pt too wide) in paragraph at lines 1313--1313
[]|\TU/lmr/bx/n/10.95 Topología|  
 []


Overfull \hbox (10.99274pt too wide) in paragraph at lines 1317--1317
[]|\TU/lmr/bx/n/10.95 Protocolo|  
 []

LaTeX Info: Redefining \. on input line 1322.
LaTeX Info: Redefining \% on input line 1322.
[19]
LaTeX Info: Redefining \. on input line 1386.
LaTeX Info: Redefining \% on input line 1386.
[20]
Overfull \hbox (19.2449pt too wide) in paragraph at lines 1410--1410
[]|\TU/lmr/bx/n/10.95 PDB/GRO|  
 []


Overfull \hbox (12.53255pt too wide) in paragraph at lines 1412--1412
[]|\TU/lmr/bx/n/10.95 TOP/ITP|  
 []


Overfull \hbox (18.59885pt too wide) in paragraph at lines 1421--1421
[]|\TU/lmr/bx/n/10.95 XTC/TRR|  
 []


Overfull \hbox (15.27313pt too wide) in paragraph at lines 1500--1500
[]|\TU/lmr/m/n/10.95 Preparación|  
 []


Overfull \hbox (22.05118pt too wide) in paragraph at lines 1502--1502
[]|\TU/lmr/m/n/10.95 Minimización|  
 []


Overfull \hbox (11.90053pt too wide) in paragraph at lines 1508--1508
[]|\TU/lmr/m/n/10.95 Producción|  
 []

LaTeX Info: Redefining \. on input line 1512.
LaTeX Info: Redefining \% on input line 1512.
[21]
Missing character: There is no ⁻ (U+207B) in font [lmroman10-regular]:mapping=t
ex-text;!
Missing character: There is no ⁻ (U+207B) in font [lmroman10-regular]:mapping=t
ex-text;!
Missing character: There is no ⁻ (U+207B) in font [lmroman10-regular]:mapping=t
ex-text;!
Missing character: There is no ⁻ (U+207B) in font [lmroman10-regular]:mapping=t
ex-text;!
Missing character: There is no ⁻ (U+207B) in font [lmroman10-regular]:mapping=t
ex-text;!
Missing character: There is no ⁻ (U+207B) in font [lmroman10-regular]:mapping=t
ex-text;!
LaTeX Info: Redefining \. on input line 1574.
LaTeX Info: Redefining \% on input line 1574.
[22]
LaTeX Info: Redefining \. on input line 1690.
LaTeX Info: Redefining \% on input line 1690.
[23]
LaTeX Font Info:    Font shape `TU/lmtt/bx/n' in size <10.95> not available
(Font)              Font shape `TU/lmtt/b/n' tried instead on input line 1693.
LaTeX Info: Redefining \. on input line 1751.
LaTeX Info: Redefining \% on input line 1751.
[24]
LaTeX Info: Redefining \. on input line 1837.
LaTeX Info: Redefining \% on input line 1837.
[25]
LaTeX Info: Redefining \. on input line 1932.
LaTeX Info: Redefining \% on input line 1932.
[26]
LaTeX Info: Redefining \. on input line 2008.
LaTeX Info: Redefining \% on input line 2008.
[27]
LaTeX Info: Redefining \. on input line 2092.
LaTeX Info: Redefining \% on input line 2092.
[28]
LaTeX Info: Redefining \. on input line 2172.
LaTeX Info: Redefining \% on input line 2172.
[29]
Missing character: There is no ⁻ (U+207B) in font [lmroman10-regular]:mapping=t
ex-text;!
LaTeX Info: Redefining \. on input line 2255.
LaTeX Info: Redefining \% on input line 2255.
[30]
Missing character: There is no ⁻ (U+207B) in font [lmroman10-regular]:mapping=t
ex-text;!
Missing character: There is no ⁻ (U+207B) in font [lmroman10-regular]:mapping=t
ex-text;!
Missing character: There is no ⁻ (U+207B) in font [lmroman10-regular]:mapping=t
ex-text;!
LaTeX Info: Redefining \. on input line 2337.
LaTeX Info: Redefining \% on input line 2337.
[31]
Missing character: There is no ⁻ (U+207B) in font [lmroman10-regular]:mapping=t
ex-text;!
Missing character: There is no ⁻ (U+207B) in font [lmroman10-regular]:mapping=t
ex-text;!
Missing character: There is no ⁻ (U+207B) in font [lmroman10-regular]:mapping=t
ex-text;!
Missing character: There is no ⁻ (U+207B) in font [lmroman10-regular]:mapping=t
ex-text;!
LaTeX Info: Redefining \. on input line 2411.
LaTeX Info: Redefining \% on input line 2411.
[32]
LaTeX Info: Redefining \. on input line 2503.
LaTeX Info: Redefining \% on input line 2503.
[33]
LaTeX Info: Redefining \. on input line 2555.
LaTeX Info: Redefining \% on input line 2555.
[34]
Missing character: There is no ⁻ (U+207B) in font [lmroman10-bold]:mapping=tex-
text;!
LaTeX Info: Redefining \. on input line 2611.
LaTeX Info: Redefining \% on input line 2611.
[35]
LaTeX Info: Redefining \. on input line 2680.
LaTeX Info: Redefining \% on input line 2680.
[36]
LaTeX Info: Redefining \. on input line 2763.
LaTeX Info: Redefining \% on input line 2763.
[37]
LaTeX Info: Redefining \. on input line 2846.
LaTeX Info: Redefining \% on input line 2846.
[38]
LaTeX Info: Redefining \. on input line 2921.
LaTeX Info: Redefining \% on input line 2921.
[39]
LaTeX Info: Redefining \. on input line 3002.
LaTeX Info: Redefining \% on input line 3002.
[40]
LaTeX Info: Redefining \. on input line 3086.
LaTeX Info: Redefining \% on input line 3086.
[41]
LaTeX Info: Redefining \. on input line 3195.
LaTeX Info: Redefining \% on input line 3195.
[42]
Underfull \vbox (badness 10000) detected at line 3271
 []

LaTeX Info: Redefining \. on input line 3271.
LaTeX Info: Redefining \% on input line 3271.
[43]
LaTeX Info: Redefining \. on input line 3356.
LaTeX Info: Redefining \% on input line 3356.
[44]
LaTeX Info: Redefining \. on input line 3439.
LaTeX Info: Redefining \% on input line 3439.
[45]
Missing character: There is no ⁻ (U+207B) in font [lmroman10-regular]:mapping=t
ex-text;!
LaTeX Info: Redefining \. on input line 3534.
LaTeX Info: Redefining \% on input line 3534.
[46]
LaTeX Info: Redefining \. on input line 3610.
LaTeX Info: Redefining \% on input line 3610.
[47]
LaTeX Info: Redefining \. on input line 3694.
LaTeX Info: Redefining \% on input line 3694.
[48]
Missing character: There is no ⁻ (U+207B) in font [lmroman10-regular]:mapping=t
ex-text;!
LaTeX Info: Redefining \. on input line 3777.
LaTeX Info: Redefining \% on input line 3777.
[49]
LaTeX Info: Redefining \. on input line 3857.
LaTeX Info: Redefining \% on input line 3857.
[50]
LaTeX Info: Redefining \. on input line 3935.
LaTeX Info: Redefining \% on input line 3935.
[51]
LaTeX Info: Redefining \. on input line 4029.
LaTeX Info: Redefining \% on input line 4029.
[52]
Missing character: There is no δ (U+03B4) in font [lmroman10-regular]:mapping=t
ex-text;!
Missing character: There is no ε (U+03B5) in font [lmroman10-regular]:mapping=t
ex-text;!
LaTeX Info: Redefining \. on input line 4125.
LaTeX Info: Redefining \% on input line 4125.
[53]
LaTeX Info: Redefining \. on input line 4208.
LaTeX Info: Redefining \% on input line 4208.
[54]
Missing character: There is no ⁻ (U+207B) in font [lmroman10-regular]:mapping=t
ex-text;!
LaTeX Info: Redefining \. on input line 4294.
LaTeX Info: Redefining \% on input line 4294.
[55]
LaTeX Info: Redefining \. on input line 4372.
LaTeX Info: Redefining \% on input line 4372.
[56]
LaTeX Info: Redefining \. on input line 4428.
LaTeX Info: Redefining \% on input line 4428.
[57]
Missing character: There is no ⁻ (U+207B) in font [lmroman10-regular]:mapping=t
ex-text;!
Missing character: There is no ⁻ (U+207B) in font [lmroman10-regular]:mapping=t
ex-text;!
Missing character: There is no ⁵ (U+2075) in font [lmroman10-regular]:mapping=t
ex-text;!
Missing character: There is no ⁻ (U+207B) in font [lmroman10-regular]:mapping=t
ex-text;!
LaTeX Info: Redefining \. on input line 4497.
LaTeX Info: Redefining \% on input line 4497.
[58]
LaTeX Info: Redefining \. on input line 4582.
LaTeX Info: Redefining \% on input line 4582.
[59]
Missing character: There is no α (U+03B1) in font [lmroman10-regular]:mapping=t
ex-text;!
LaTeX Info: Redefining \. on input line 4664.
LaTeX Info: Redefining \% on input line 4664.
[60]
Missing character: There is no φ (U+03C6) in font [lmroman10-regular]:mapping=t
ex-text;!
Missing character: There is no ψ (U+03C8) in font [lmroman10-regular]:mapping=t
ex-text;!
LaTeX Info: Redefining \. on input line 4748.
LaTeX Info: Redefining \% on input line 4748.
[61]
Missing character: There is no α (U+03B1) in font [lmroman10-regular]:mapping=t
ex-text;!
Missing character: There is no α (U+03B1) in font [lmroman10-regular]:mapping=t
ex-text;!
LaTeX Info: Redefining \. on input line 4829.
LaTeX Info: Redefining \% on input line 4829.
[62]
LaTeX Info: Redefining \. on input line 4907.
LaTeX Info: Redefining \% on input line 4907.
[63]
LaTeX Info: Redefining \. on input line 4989.
LaTeX Info: Redefining \% on input line 4989.
[64]
Overfull \hbox (4.15248pt too wide) in paragraph at lines 5056--5056
[]|\TU/lmr/m/n/10.95 Membrana– 
 []

LaTeX Info: Redefining \. on input line 5076.
LaTeX Info: Redefining \% on input line 5076.
[65]
Missing character: There is no ⁻ (U+207B) in font [lmroman10-regular]:mapping=t
ex-text;!
Missing character: There is no ⁻ (U+207B) in font [lmroman10-regular]:mapping=t
ex-text;!
LaTeX Info: Redefining \. on input line 5175.
LaTeX Info: Redefining \% on input line 5175.
[66]
LaTeX Info: Redefining \. on input line 5280.
LaTeX Info: Redefining \% on input line 5280.
[67]
LaTeX Info: Redefining \. on input line 5359.
LaTeX Info: Redefining \% on input line 5359.
[68]
Overfull \vbox (0.90492pt too high) detected at line 5448
 []

LaTeX Info: Redefining \. on input line 5448.
LaTeX Info: Redefining \% on input line 5448.
[69]
Missing character: There is no ⁻ (U+207B) in font [lmroman10-regular]:mapping=t
ex-text;!
Missing character: There is no ⁻ (U+207B) in font [lmroman10-regular]:mapping=t
ex-text;!
LaTeX Info: Redefining \. on input line 5525.
LaTeX Info: Redefining \% on input line 5525.
[70]
LaTeX Info: Redefining \. on input line 5607.
LaTeX Info: Redefining \% on input line 5607.
[71]
LaTeX Info: Redefining \. on input line 5681.
LaTeX Info: Redefining \% on input line 5681.
[72]
LaTeX Info: Redefining \. on input line 5755.
LaTeX Info: Redefining \% on input line 5755.
[73]
LaTeX Info: Redefining \. on input line 5829.
LaTeX Info: Redefining \% on input line 5829.
[74]
LaTeX Info: Redefining \. on input line 5917.
LaTeX Info: Redefining \% on input line 5917.
[75]
LaTeX Info: Redefining \. on input line 5998.
LaTeX Info: Redefining \% on input line 5998.
[76]
LaTeX Info: Redefining \. on input line 6090.
LaTeX Info: Redefining \% on input line 6090.
[77]
Missing character: There is no ⁻ (U+207B) in font [lmroman10-regular]:mapping=t
ex-text;!
LaTeX Info: Redefining \. on input line 6180.
LaTeX Info: Redefining \% on input line 6180.
[78]
LaTeX Info: Redefining \. on input line 6285.
LaTeX Info: Redefining \% on input line 6285.
[79]
LaTeX Info: Redefining \. on input line 6369.
LaTeX Info: Redefining \% on input line 6369.
[80]
LaTeX Info: Redefining \. on input line 6466.
LaTeX Info: Redefining \% on input line 6466.
[81]
LaTeX Info: Redefining \. on input line 6566.
LaTeX Info: Redefining \% on input line 6566.
[82]
LaTeX Info: Redefining \. on input line 6647.
LaTeX Info: Redefining \% on input line 6647.
[83]
Missing character: There is no ₂ (U+2082) in font [lmroman10-regular]:mapping=t
ex-text;!
Missing character: There is no ₂ (U+2082) in font [lmroman10-regular]:mapping=t
ex-text;!
LaTeX Info: Redefining \. on input line 6746.
LaTeX Info: Redefining \% on input line 6746.
[84]
LaTeX Info: Redefining \. on input line 6838.
LaTeX Info: Redefining \% on input line 6838.
[85]
LaTeX Font Info:    Font shape `TU/latinmodern-math.otf(1)/m/n' will be
(Font)              scaled to size 10.0pt on input line 6904.
LaTeX Font Info:    Font shape `TU/latinmodern-math.otf(1)/m/n' will be
(Font)              scaled to size 7.0pt on input line 6904.
LaTeX Font Info:    Font shape `TU/latinmodern-math.otf(2)/m/n' will be
(Font)              scaled to size 10.00092pt on input line 6904.
LaTeX Font Info:    Font shape `TU/latinmodern-math.otf(2)/m/n' will be
(Font)              scaled to size 7.00064pt on input line 6904.
LaTeX Font Info:    Font shape `TU/latinmodern-math.otf(3)/m/n' will be
(Font)              scaled to size 9.99893pt on input line 6904.
LaTeX Font Info:    Font shape `TU/latinmodern-math.otf(3)/m/n' will be
(Font)              scaled to size 6.99925pt on input line 6904.
LaTeX Info: Redefining \. on input line 6931.
LaTeX Info: Redefining \% on input line 6931.
[86]
LaTeX Info: Redefining \. on input line 6983.
LaTeX Info: Redefining \% on input line 6983.
[87]
LaTeX Info: Redefining \. on input line 7072.
LaTeX Info: Redefining \% on input line 7072.
[88]
LaTeX Info: Redefining \. on input line 7152.
LaTeX Info: Redefining \% on input line 7152.
[89]
LaTeX Info: Redefining \. on input line 7238.
LaTeX Info: Redefining \% on input line 7238.
[90]
LaTeX Info: Redefining \. on input line 7335.
LaTeX Info: Redefining \% on input line 7335.
[91]
LaTeX Info: Redefining \. on input line 7436.
LaTeX Info: Redefining \% on input line 7436.
[92]
LaTeX Info: Redefining \. on input line 7484.
LaTeX Info: Redefining \% on input line 7484.
[93]
Overfull \vbox (0.95781pt too high) detected at line 7564
 []

LaTeX Info: Redefining \. on input line 7564.
LaTeX Info: Redefining \% on input line 7564.
[94]
LaTeX Info: Redefining \. on input line 7646.
LaTeX Info: Redefining \% on input line 7646.
[95]
LaTeX Info: Redefining \. on input line 7732.
LaTeX Info: Redefining \% on input line 7732.
[96]
LaTeX Info: Redefining \. on input line 7815.
LaTeX Info: Redefining \% on input line 7815.
[97]
Missing character: There is no ≤ (U+2264) in font [lmmono10-regular]:!
Missing character: There is no ≤ (U+2264) in font [lmmono10-regular]:!
Missing character: There is no ≤ (U+2264) in font [lmmono10-regular]:!
Missing character: There is no ≤ (U+2264) in font [lmmono10-regular]:!
LaTeX Info: Redefining \. on input line 7898.
LaTeX Info: Redefining \% on input line 7898.
[98]
LaTeX Info: Redefining \. on input line 7972.
LaTeX Info: Redefining \% on input line 7972.
[99]
LaTeX Info: Redefining \. on input line 8064.
LaTeX Info: Redefining \% on input line 8064.
[100]
LaTeX Info: Redefining \. on input line 8141.
LaTeX Info: Redefining \% on input line 8141.
[101]
LaTeX Info: Redefining \. on input line 8247.
LaTeX Info: Redefining \% on input line 8247.
[102]
Missing character: There is no λ (U+03BB) in font [lmmono10-regular]:!
Missing character: There is no λ (U+03BB) in font [lmmono10-regular]:!
Missing character: There is no λ (U+03BB) in font [lmmono10-regular]:!
Missing character: There is no λ (U+03BB) in font [lmmono10-regular]:!
LaTeX Info: Redefining \. on input line 8338.
LaTeX Info: Redefining \% on input line 8338.
[103]
Missing character: There is no λ (U+03BB) in font [lmroman10-regular]:mapping=t
ex-text;!
LaTeX Info: Redefining \. on input line 8442.
LaTeX Info: Redefining \% on input line 8442.
[104]
Missing character: There is no λ (U+03BB) in font [lmroman10-bold]:mapping=tex-
text;!
LaTeX Info: Redefining \. on input line 8527.
LaTeX Info: Redefining \% on input line 8527.
[105]
LaTeX Info: Redefining \. on input line 8605.
LaTeX Info: Redefining \% on input line 8605.
[106]
Missing character: There is no ⁻ (U+207B) in font [lmroman10-regular]:mapping=t
ex-text;!
Missing character: There is no ⁻ (U+207B) in font [lmroman10-regular]:mapping=t
ex-text;!
LaTeX Info: Redefining \. on input line 8666.
LaTeX Info: Redefining \% on input line 8666.
[107]
Missing character: There is no λ (U+03BB) in font [lmmono10-italic]:!
Missing character: There is no λ (U+03BB) in font [lmmono10-italic]:!
Missing character: There is no λ (U+03BB) in font [lmmono10-italic]:!
Missing character: There is no λ (U+03BB) in font [lmmono10-italic]:!

Overfull \vbox (10.24484pt too high) detected at line 8741
 []

LaTeX Info: Redefining \. on input line 8741.
LaTeX Info: Redefining \% on input line 8741.
[108]
Missing character: There is no λ (U+03BB) in font [lmroman10-regular]:mapping=t
ex-text;!
Missing character: There is no λ (U+03BB) in font [lmroman10-regular]:mapping=t
ex-text;!
LaTeX Info: Redefining \. on input line 8843.
LaTeX Info: Redefining \% on input line 8843.
[109]
Overfull \vbox (1.82823pt too high) detected at line 8872
 []

LaTeX Info: Redefining \. on input line 8872.
LaTeX Info: Redefining \% on input line 8872.
[110]
Missing character: There is no λ (U+03BB) in font [lmroman10-regular]:mapping=t
ex-text;!
LaTeX Info: Redefining \. on input line 8954.
LaTeX Info: Redefining \% on input line 8954.
[111]
Missing character: There is no ⁻ (U+207B) in font [lmroman10-regular]:mapping=t
ex-text;!
Missing character: There is no ⁻ (U+207B) in font [lmroman10-regular]:mapping=t
ex-text;!
LaTeX Info: Redefining \. on input line 9043.
LaTeX Info: Redefining \% on input line 9043.
[112]
Missing character: There is no λ (U+03BB) in font [lmroman10-bold]:mapping=tex-
text;!
Missing character: There is no λ (U+03BB) in font [lmroman10-regular]:mapping=t
ex-text;!
Missing character: There is no ⁻ (U+207B) in font [lmroman10-regular]:mapping=t
ex-text;!
Missing character: There is no ⁻ (U+207B) in font [lmroman10-regular]:mapping=t
ex-text;!
Missing character: There is no ⁻ (U+207B) in font [lmroman10-regular]:mapping=t
ex-text;!
LaTeX Info: Redefining \. on input line 9131.
LaTeX Info: Redefining \% on input line 9131.
[113]
LaTeX Info: Redefining \. on input line 9225.
LaTeX Info: Redefining \% on input line 9225.
[114]
Missing character: There is no λ (U+03BB) in font [lmroman10-regular]:mapping=t
ex-text;!
Missing character: There is no λ (U+03BB) in font [lmroman10-regular]:mapping=t
ex-text;!
LaTeX Info: Redefining \. on input line 9308.
LaTeX Info: Redefining \% on input line 9308.
[115]
Missing character: There is no λ (U+03BB) in font [lmroman10-regular]:mapping=t
ex-text;!
Missing character: There is no ⁻ (U+207B) in font [lmroman10-regular]:mapping=t
ex-text;!
Missing character: There is no λ (U+03BB) in font [lmroman10-regular]:mapping=t
ex-text;!
LaTeX Info: Redefining \. on input line 9402.
LaTeX Info: Redefining \% on input line 9402.
[116]
LaTeX Font Info:    Font shape `TU/lmtt/bx/n' in size <12> not available
(Font)              Font shape `TU/lmtt/b/n' tried instead on input line 9458.
Missing character: There is no λ (U+03BB) in font [lmroman10-regular]:mapping=t
ex-text;!
LaTeX Info: Redefining \. on input line 9513.
LaTeX Info: Redefining \% on input line 9513.
[117]
Overfull \hbox (14.99606pt too wide) in paragraph at lines 9562--9563
[]\TU/lmr/m/n/10.95 Método  
 []


Overfull \hbox (34.69511pt too wide) in paragraph at lines 9572--9572
[]|\TU/lmr/m/n/10.95 MM/GBSA|  
 []


Overfull \hbox (33.5563pt too wide) in paragraph at lines 9574--9574
[]|\TU/lmr/m/n/10.95 MM/PBSA|  
 []


Overfull \hbox (6.63026pt too wide) in paragraph at lines 9577--9577
\TU/lmr/m/n/10.95 RISM|  
 []

LaTeX Info: Redefining \. on input line 9623.
LaTeX Info: Redefining \% on input line 9623.
[118]
Missing character: There is no ├ (U+251C) in font [lmmono10-regular]:!
Missing character: There is no ─ (U+2500) in font [lmmono10-regular]:!
Missing character: There is no ─ (U+2500) in font [lmmono10-regular]:!
Missing character: There is no ├ (U+251C) in font [lmmono10-regular]:!
Missing character: There is no ─ (U+2500) in font [lmmono10-regular]:!
Missing character: There is no ─ (U+2500) in font [lmmono10-regular]:!
Missing character: There is no ├ (U+251C) in font [lmmono10-regular]:!
Missing character: There is no ─ (U+2500) in font [lmmono10-regular]:!
Missing character: There is no ─ (U+2500) in font [lmmono10-regular]:!
Missing character: There is no ├ (U+251C) in font [lmmono10-regular]:!
Missing character: There is no ─ (U+2500) in font [lmmono10-regular]:!
Missing character: There is no ─ (U+2500) in font [lmmono10-regular]:!
Missing character: There is no └ (U+2514) in font [lmmono10-regular]:!
Missing character: There is no ─ (U+2500) in font [lmmono10-regular]:!
Missing character: There is no ─ (U+2500) in font [lmmono10-regular]:!
Missing character: There is no └ (U+2514) in font [lmmono10-regular]:!
Missing character: There is no ─ (U+2500) in font [lmmono10-regular]:!
Missing character: There is no ─ (U+2500) in font [lmmono10-regular]:!
LaTeX Info: Redefining \. on input line 9727.
LaTeX Info: Redefining \% on input line 9727.
[119]
LaTeX Info: Redefining \. on input line 9805.
LaTeX Info: Redefining \% on input line 9805.
[120]
LaTeX Info: Redefining \. on input line 9889.
LaTeX Info: Redefining \% on input line 9889.
[121]
Overfull \vbox (1.20926pt too high) detected at line 9970
 []

LaTeX Info: Redefining \. on input line 9970.
LaTeX Info: Redefining \% on input line 9970.
[122]
LaTeX Info: Redefining \. on input line 10073.
LaTeX Info: Redefining \% on input line 10073.
[123]
LaTeX Info: Redefining \. on input line 10135.
LaTeX Info: Redefining \% on input line 10135.
[124]
LaTeX Info: Redefining \. on input line 10219.
LaTeX Info: Redefining \% on input line 10219.
[125]
LaTeX Info: Redefining \. on input line 10308.
LaTeX Info: Redefining \% on input line 10308.
[126]
Overfull \vbox (2.85828pt too high) detected at line 10412
 []

LaTeX Info: Redefining \. on input line 10412.
LaTeX Info: Redefining \% on input line 10412.
[127]
LaTeX Info: Redefining \. on input line 10479.
LaTeX Info: Redefining \% on input line 10479.
[128]
Missing character: There is no ⁻ (U+207B) in font [lmroman10-regular]:mapping=t
ex-text;!
LaTeX Info: Redefining \. on input line 10559.
LaTeX Info: Redefining \% on input line 10559.
[129]
Missing character: There is no ⁻ (U+207B) in font [lmroman10-regular]:mapping=t
ex-text;!
Missing character: There is no ⁻ (U+207B) in font [lmroman10-regular]:mapping=t
ex-text;!
Missing character: There is no ⁻ (U+207B) in font [lmroman10-regular]:mapping=t
ex-text;!
Missing character: There is no ⁻ (U+207B) in font [lmroman10-regular]:mapping=t
ex-text;!
LaTeX Info: Redefining \. on input line 10647.
LaTeX Info: Redefining \% on input line 10647.
[130]
LaTeX Info: Redefining \. on input line 10738.
LaTeX Info: Redefining \% on input line 10738.
[131]
Missing character: There is no λ (U+03BB) in font [lmroman10-regular]:mapping=t
ex-text;!
LaTeX Info: Redefining \. on input line 10833.
LaTeX Info: Redefining \% on input line 10833.
[132]
LaTeX Info: Redefining \. on input line 10933.
LaTeX Info: Redefining \% on input line 10933.
[133]
LaTeX Info: Redefining \. on input line 11038.
LaTeX Info: Redefining \% on input line 11038.
[134]
LaTeX Info: Redefining \. on input line 11127.
LaTeX Info: Redefining \% on input line 11127.
[135]
LaTeX Info: Redefining \. on input line 11206.
LaTeX Info: Redefining \% on input line 11206.
[136]
Overfull \hbox (1.19838pt too wide) in paragraph at lines 11330--11330
[]|\TU/lmr/m/n/10.95 compuesto 
 []


Overfull \hbox (1.19838pt too wide) in paragraph at lines 11331--11331
[]|\TU/lmr/m/n/10.95 compuesto 
 []

LaTeX Info: Redefining \. on input line 11332.
LaTeX Info: Redefining \% on input line 11332.
[137]
LaTeX Info: Redefining \. on input line 11415.
LaTeX Info: Redefining \% on input line 11415.
[138]
LaTeX Info: Redefining \. on input line 11488.
LaTeX Info: Redefining \% on input line 11488.
[139] 
enddocument/afterlastpage (AED): lastpage setting LastPage.
(./Manual-de-Referencia----Gromacs.aux
LaTeX Info: Redefining \. on input line 9.
LaTeX Info: Redefining \% on input line 9.
)
 ***********
LaTeX2e <2025-11-01>
L3 programming layer <2026-03-20>
 ***********
 ) 
Here is how much of TeX's memory you used:
 23206 strings out of 468006
 429297 string characters out of 5432521
 1061457 words of memory out of 6000000
 51757 multiletter control sequences out of 15000+600000
 638185 words of font info for 136 fonts, out of 8000000 for 9000
 1348 hyphenation exceptions out of 8191
 90i,12n,114p,1028b,877s stack positions out of 10000i,1000n,20000p,200000b,200000s

Output written on Manual-de-Referencia----Gromacs.pdf (139 pages).
